PS C:\!!job\!!!nlp\data-juicer-main> pip install py-data-juicer >> errors.txt
  error: subprocess-exited-with-error

  × Building wheel for kenlm (pyproject.toml) did not run successfully.
  │ exit code: 1
  ╰─> [656 lines of output]
      Will build with KenLM max_order set to 6
      running bdist_wheel
      running build
      running build_ext
      -- Building for: Visual Studio 17 2022
      CMake Deprecation Warning at CMakeLists.txt:1 (cmake_minimum_required):
        Compatibility with CMake < 3.5 will be removed from a future version of
        CMake.

        Update the VERSION argument <min> value or use a ...<max> suffix to tell
        CMake that the project does not need compatibility with older versions.


      -- The C compiler identification is MSVC 19.38.33130.0
      -- The CXX compiler identification is MSVC 19.38.33130.0
      -- Detecting C compiler ABI info
      -- Detecting C compiler ABI info - done
      -- Check for working C compiler: C:/Program Files/Microsoft Visual Studio/2022/Enterprise/VC/Tools/MSVC/14.38.33130/bin/Hostx64/x64/cl.exe - skipped
      -- Detecting C compile features
      -- Detecting C compile features - done
      -- Detecting CXX compiler ABI info
      -- Detecting CXX compiler ABI info - done
      -- Check for working CXX compiler: C:/Program Files/Microsoft Visual Studio/2022/Enterprise/VC/Tools/MSVC/14.38.33130/bin/Hostx64/x64/cl.exe - skipped
      -- Detecting CXX compile features
      -- Detecting CXX compile features - done
      -- Could NOT find Eigen3 (missing: Eigen3_DIR)
      CMake Deprecation Warning at python/BuildStandalone.cmake:1 (cmake_minimum_required):
        Compatibility with CMake < 3.5 will be removed from a future version of
        CMake.

        Update the VERSION argument <min> value or use a ...<max> suffix to tell
        CMake that the project does not need compatibility with older versions.
      Call Stack (most recent call first):
        CMakeLists.txt:31 (include)


      -- Found ZLIB: C:/DevTools/Anaconda3/Library/lib/z.lib (found version "1.2.13")
      -- Found BZip2: C:/DevTools/Anaconda3/Library/lib/bzip2.lib (found version "1.0.8")
      -- Looking for BZ2_bzCompressInit
      -- Looking for BZ2_bzCompressInit - found
      -- Looking for lzma_auto_decoder in C:/DevTools/Anaconda3/Library/lib/liblzma.lib
      -- Looking for lzma_auto_decoder in C:/DevTools/Anaconda3/Library/lib/liblzma.lib - found
      -- Looking for lzma_easy_encoder in C:/DevTools/Anaconda3/Library/lib/liblzma.lib
      -- Looking for lzma_easy_encoder in C:/DevTools/Anaconda3/Library/lib/liblzma.lib - found
      -- Looking for lzma_lzma_preset in C:/DevTools/Anaconda3/Library/lib/liblzma.lib
      -- Looking for lzma_lzma_preset in C:/DevTools/Anaconda3/Library/lib/liblzma.lib - found
      -- Found LibLZMA: C:/DevTools/Anaconda3/Library/lib/liblzma.lib (found version "5.4.2")
      -- Configuring done (7.6s)
      -- Generating done (0.1s)
      -- Build files have been written to: C:/Users/zfh/AppData/Local/Temp/pip-install-8ztdx2cj/kenlm_6fc219509dd84abb9c07260e1693ffc4/build/temp.win-amd64-cpython-39/Release
      适用于 .NET Framework MSBuild 版本 17.8.3+195e7f5a3

      C:\Program Files\Microsoft Visual Studio\2022\Enterprise\MSBuild\Microsoft\VC\v170\Microsoft.CppBuild.targets(541,5): warning MSB8029: 中间目录或输出目录无法驻留在临时目录下，因为这可能会导致增量生成出现问题。 [C:\Users\zfh\AppData\Local\Temp\pip-install-8ztdx2cj\kenlm_6fc219509dd84abb9c07260e1693ffc4\build\temp.win-amd64-cpython-39\Release\ZERO_CHECK.vcxproj]
        1>Checking Build System
      C:\Program Files\Microsoft Visual Studio\2022\Enterprise\MSBuild\Microsoft\VC\v170\Microsoft.CppBuild.targets(541,5): warning MSB8029: 中间目录或输出目录无法驻留在临时目录下，因为这可能会导致增量生成出现问题。 [C:\Users\zfh\AppData\Local\Temp\pip-install-8ztdx2cj\kenlm_6fc219509dd84abb9c07260e1693ffc4\build\temp.win-amd64-cpython-39\Release\kenlm.vcxproj]
        Building Custom Rule C:/Users/zfh/AppData/Local/Temp/pip-install-8ztdx2cj/kenlm_6fc219509dd84abb9c07260e1693ffc4/CMakeLists.txt
      cl : 命令行  warning D9002: 忽略未知选项“-fPIC” [C:\Users\zfh\AppData\Local\Temp\pip-install-8ztdx2cj\kenlm_6fc219509dd84abb9c07260e1693ffc4\build\temp.win-amd64-cpython-39\Release\kenlm.vcxproj]
        bhiksha.cc
        binary_format.cc
      C:\Users\zfh\AppData\Local\Temp\pip-install-8ztdx2cj\kenlm_6fc219509dd84abb9c07260e1693ffc4\lm\binary_format.cc(92,35): warning C4101: “e”: 未引用的局部变量 [C:\Users\zfh\AppData\Local\Temp\pip-install-8ztdx2cj\kenlm_6fc219509dd84abb9c07260e1693ffc4\build\temp.win-amd64-cpython-39\Release\kenlm.vcxproj]
      C:\Users\zfh\AppData\Local\Temp\pip-install-8ztdx2cj\kenlm_6fc219509dd84abb9c07260e1693ffc4\lm\binary_format.cc(147,52): warning C4267: “参数”: 从“size_t”转换到“unsigned char”，可能丢失数据 [C:\Users\zfh\AppData\Local\Temp\pip-install-8ztdx2cj\kenlm_6fc219509dd84abb9c07260e1693ffc4\build\temp.win-amd64-cpython-39\Release\kenlm.vcxproj]
      C:\Users\zfh\AppData\Local\Temp\pip-install-8ztdx2cj\kenlm_6fc219509dd84abb9c07260e1693ffc4\lm\binary_format.cc(192,3): warning C4996: 'strncpy': This function or variable may be unsafe. Consider using strncpy_s instead. To disable deprecation, use _CRT_SECURE_NO_WARNINGS. See online help for details. [C:\Users\zfh\AppData\Local\Temp\pip-install-8ztdx2cj\kenlm_6fc219509dd84abb9c07260e1693ffc4\build\temp.win-amd64-cpython-39\Release\kenlm.vcxproj]
      C:\Users\zfh\AppData\Local\Temp\pip-install-8ztdx2cj\kenlm_6fc219509dd84abb9c07260e1693ffc4\lm\binary_format.cc(263,35): warning C4267: “=”: 从“size_t”转换到“unsigned char”，可能丢失数据 [C:\Users\zfh\AppData\Local\Temp\pip-install-8ztdx2cj\kenlm_6fc219509dd84abb9c07260e1693ffc4\build\temp.win-amd64-cpython-39\Release\kenlm.vcxproj]
      C:\Users\zfh\AppData\Local\Temp\pip-install-8ztdx2cj\kenlm_6fc219509dd84abb9c07260e1693ffc4\lm\binary_format.cc(275,64): warning C4267: “参数”: 从“size_t”转换到“unsigned char”，可能丢失数据 [C:\Users\zfh\AppData\Local\Temp\pip-install-8ztdx2cj\kenlm_6fc219509dd84abb9c07260e1693ffc4\build\temp.win-amd64-cpython-39\Release\kenlm.vcxproj]
        config.cc
        lm_exception.cc
        model.cc
      C:\Users\zfh\AppData\Local\Temp\pip-install-8ztdx2cj\kenlm_6fc219509dd84abb9c07260e1693ffc4\lm\quantize.hh(161,141): warning C4244: “参数”: 从“uint64_t”转换到“uint32_t”，可能丢失数据 [C:\Users\zfh\AppData\Local\Temp\pip-install-8ztdx2cj\kenlm_6fc219509dd84abb9c07260e1693ffc4\build\temp.win-amd64-cpython-39\Release\kenlm.vcxproj]
        (编译源文件“../../../lm/model.cc”)

      C:\Users\zfh\AppData\Local\Temp\pip-install-8ztdx2cj\kenlm_6fc219509dd84abb9c07260e1693ffc4\lm\quantize.hh(165,127): warning C4244: “参数”: 从“uint64_t”转换到“uint32_t”，可能丢失数据 [C:\Users\zfh\AppData\Local\Temp\pip-install-8ztdx2cj\kenlm_6fc219509dd84abb9c07260e1693ffc4\build\temp.win-amd64-cpython-39\Release\kenlm.vcxproj]
        (编译源文件“../../../lm/model.cc”)

      C:\Users\zfh\AppData\Local\Temp\pip-install-8ztdx2cj\kenlm_6fc219509dd84abb9c07260e1693ffc4\lm\quantize.hh(199,94): warning C4244: “参数”: 从“uint64_t”转换到“uint32_t”，可能丢失数据 [C:\Users\zfh\AppData\Local\Temp\pip-install-8ztdx2cj\kenlm_6fc219509dd84abb9c07260e1693ffc4\build\temp.win-amd64-cpython-39\Release\kenlm.vcxproj]
        (编译源文件“../../../lm/model.cc”)

      C:\Users\zfh\AppData\Local\Temp\pip-install-8ztdx2cj\kenlm_6fc219509dd84abb9c07260e1693ffc4\lm\quantize.hh(203,109): warning C4244: “参数”: 从“uint64_t”转换到“uint32_t”，可能丢失数据 [C:\Users\zfh\AppData\Local\Temp\pip-install-8ztdx2cj\kenlm_6fc219509dd84abb9c07260e1693ffc4\build\temp.win-amd64-cpython-39\Release\kenlm.vcxproj]
        (编译源文件“../../../lm/model.cc”)

      C:\Users\zfh\AppData\Local\Temp\pip-install-8ztdx2cj\kenlm_6fc219509dd84abb9c07260e1693ffc4\lm\vocab.hh(78,31): warning C4244: “return”: 从“__int64”转换到“lm::WordIndex”，可能丢失数据 [C:\Users\zfh\AppData\Local\Temp\pip-install-8ztdx2cj\kenlm_6fc219509dd84abb9c07260e1693ffc4\build\temp.win-amd64-cpython-39\Release\kenlm.vcxproj]
        (编译源文件“../../../lm/model.cc”)

      C:\Users\zfh\AppData\Local\Temp\pip-install-8ztdx2cj\kenlm_6fc219509dd84abb9c07260e1693ffc4\lm\model.hh(102,22): warning C4244: “return”: 从“double”转换到“float”，可能丢失数据 [C:\Users\zfh\AppData\Local\Temp\pip-install-8ztdx2cj\kenlm_6fc219509dd84abb9c07260e1693ffc4\build\temp.win-amd64-cpython-39\Release\kenlm.vcxproj]
        (编译源文件“../../../lm/model.cc”)
        C:\Users\zfh\AppData\Local\Temp\pip-install-8ztdx2cj\kenlm_6fc219509dd84abb9c07260e1693ffc4\lm\model.hh(102,22):
        模板实例化上下文(最早的实例化上下文)为
          C:\Users\zfh\AppData\Local\Temp\pip-install-8ztdx2cj\kenlm_6fc219509dd84abb9c07260e1693ffc4\lm\model.hh(141,1):
          查看对正在编译的 类 模板 实例化“lm::ngram::detail::GenericModel<lm::ngram::trie::TrieSearch<lm::ngram::SeparatelyQuantize,lm::ngram::trie::ArrayBhiksha>,lm::ngram::SortedVocabulary>”的引用
          C:\Users\zfh\AppData\Local\Temp\pip-install-8ztdx2cj\kenlm_6fc219509dd84abb9c07260e1693ffc4\lm\model.hh(100,11):
          在编译 类 模板 成员函数“float lm::ngram::detail::GenericModel<lm::ngram::trie::TrieSearch<lm::ngram::SeparatelyQuantize,lm::ngram::trie::ArrayBhiksha>,lm::ngram::SortedVocabulary>::UnRest(const uint64_t *,const uint64_t *,unsigned char) const”时

      C:\Users\zfh\AppData\Local\Temp\pip-install-8ztdx2cj\kenlm_6fc219509dd84abb9c07260e1693ffc4\lm\model.cc(190,75): warning C4244: “=”: 从“__int64”转换到“unsigned char”，可能丢失数据 [C:\Users\zfh\AppData\Local\Temp\pip-install-8ztdx2cj\kenlm_6fc219509dd84abb9c07260e1693ffc4\build\temp.win-amd64-cpython-39\Release\kenlm.vcxproj]
        C:\Users\zfh\AppData\Local\Temp\pip-install-8ztdx2cj\kenlm_6fc219509dd84abb9c07260e1693ffc4\lm\model.cc(190,75):
        模板实例化上下文(最早的实例化上下文)为
          C:\Users\zfh\AppData\Local\Temp\pip-install-8ztdx2cj\kenlm_6fc219509dd84abb9c07260e1693ffc4\lm\model.cc(169,181):
          在编译 类 模板 成员函数“void lm::ngram::detail::GenericModel<lm::ngram::detail::HashedSearch<lm::ngram::BackoffValue>,lm::ngram::ProbingVocabulary>::GetState(const lm::WordIndex *,const lm::WordIndex *,lm::ngram::State &) const”时

      C:\Users\zfh\AppData\Local\Temp\pip-install-8ztdx2cj\kenlm_6fc219509dd84abb9c07260e1693ffc4\lm\model.cc(105,71): warning C4267: “参数”: 从“size_t”转换到“uint8_t”，可能丢失数据 [C:\Users\zfh\AppData\Local\Temp\pip-install-8ztdx2cj\kenlm_6fc219509dd84abb9c07260e1693ffc4\build\temp.win-amd64-cpython-39\Release\kenlm.vcxproj]
        C:\Users\zfh\AppData\Local\Temp\pip-install-8ztdx2cj\kenlm_6fc219509dd84abb9c07260e1693ffc4\lm\model.cc(105,71):
        模板实例化上下文(最早的实例化上下文)为
          C:\Users\zfh\AppData\Local\Temp\pip-install-8ztdx2cj\kenlm_6fc219509dd84abb9c07260e1693ffc4\lm\model.cc(92,151):
          在编译 类 模板 成员函数“void lm::ngram::detail::GenericModel<lm::ngram::detail::HashedSearch<lm::ngram::BackoffValue>,lm::ngram::ProbingVocabulary>::InitializeFromARPA(int,const char *,const lm::ngram::Config &)”时
                  C:\Users\zfh\AppData\Local\Temp\pip-install-8ztdx2cj\kenlm_6fc219509dd84abb9c07260e1693ffc4\lm\model.cc(76,23):
                  请参阅 "lm::ngram::detail::GenericModel<lm::ngram::detail::HashedSearch<lm::ngram::BackoffValue>,lm::ngram::ProbingVocabulary>::GenericModel" 中对 "lm::ngram::detail::GenericModel<lm::ngram::detail::HashedSearch<lm::ngram::BackoffValue>,lm::ngram::ProbingVocabulary>::InitializeFromARPA" 的第一个引用
                  C:\Users\zfh\AppData\Local\Temp\pip-install-8ztdx2cj\kenlm_6fc219509dd84abb9c07260e1693ffc4\lm\model.hh(136,1):
                  请参阅 "lm::ngram::ProbingModel::ProbingModel" 中对 "lm::ngram::detail::GenericModel<lm::ngram::detail::HashedSearch<lm::ngram::BackoffValue>,lm::ngram::ProbingVocabulary>::GenericModel" 的第一个引用

      C:\Users\zfh\AppData\Local\Temp\pip-install-8ztdx2cj\kenlm_6fc219509dd84abb9c07260e1693ffc4\lm\search_trie.hh(97,57): warning C4244: “参数”: 从“__int64”转换到“unsigned char”，可能丢失数据 [C:\Users\zfh\AppData\Local\Temp\pip-install-8ztdx2cj\kenlm_6fc219509dd84abb9c07260e1693ffc4\build\temp.win-amd64-cpython-39\Release\kenlm.vcxproj]
        (编译源文件“../../../lm/model.cc”)
        C:\Users\zfh\AppData\Local\Temp\pip-install-8ztdx2cj\kenlm_6fc219509dd84abb9c07260e1693ffc4\lm\search_trie.hh(97,57):
        模板实例化上下文(最早的实例化上下文)为
          C:\Users\zfh\AppData\Local\Temp\pip-install-8ztdx2cj\kenlm_6fc219509dd84abb9c07260e1693ffc4\lm\model.hh(37,1):
          查看对正在编译的 类 模板 实例化“lm::ngram::trie::TrieSearch<lm::ngram::SeparatelyQuantize,lm::ngram::trie::ArrayBhiksha>”的引用
          C:\Users\zfh\AppData\Local\Temp\pip-install-8ztdx2cj\kenlm_6fc219509dd84abb9c07260e1693ffc4\lm\search_trie.hh(91,10):
          在编译 类 模板 成员函数“bool lm::ngram::trie::TrieSearch<lm::ngram::SeparatelyQuantize,lm::ngram::trie::ArrayBhiksha>::FastMakeNode(const lm::WordIndex *,const lm::WordIndex *,lm::ngram::trie::TrieSearch<lm::ngram::SeparatelyQuantize,lm::ngram::trie::ArrayBhiksha>::Node &) const”时
                  C:\Users\zfh\AppData\Local\Temp\pip-install-8ztdx2cj\kenlm_6fc219509dd84abb9c07260e1693ffc4\lm\model.cc(156,10):
                  请参阅 "lm::ngram::detail::GenericModel<lm::ngram::trie::TrieSearch<lm::ngram::SeparatelyQuantize,lm::ngram::trie::ArrayBhiksha>,lm::ngram::SortedVocabulary>::FullScoreForgotState" 中对 "lm::ngram::trie::TrieSearch<lm::ngram::SeparatelyQuantize,lm::ngram::trie::ArrayBhiksha>::FastMakeNode" 的第一个引用
                  C:\Users\zfh\AppData\Local\Temp\pip-install-8ztdx2cj\kenlm_6fc219509dd84abb9c07260e1693ffc4\lm\facade.hh(28,7):
                  请参阅 "lm::base::ModelFacade<lm::ngram::detail::GenericModel<lm::ngram::trie::TrieSearch<lm::ngram::SeparatelyQuantize,lm::ngram::trie::ArrayBhiksha>,lm::ngram::SortedVocabulary>,lm::ngram::State,VocabularyT>::BaseFullScoreForgotState" 中对 "lm::ngram::detail::GenericModel<lm::ngram::trie::TrieSearch<lm::ngram::SeparatelyQuantize,lm::ngram::trie::ArrayBhiksha>,lm::ngram::SortedVocabulary>::FullScoreForgotState" 的第一个引用
                with
                [
                    VocabularyT=lm::ngram::SortedVocabulary
                ]

      C:\Users\zfh\AppData\Local\Temp\pip-install-8ztdx2cj\kenlm_6fc219509dd84abb9c07260e1693ffc4\lm\search_trie.hh(65,42): warning C4244: “return”: 从“__int64”转换到“unsigned char”，可能丢失数据 [C:\Users\zfh\AppData\Local\Temp\pip-install-8ztdx2cj\kenlm_6fc219509dd84abb9c07260e1693ffc4\build\temp.win-amd64-cpython-39\Release\kenlm.vcxproj]
        (编译源文件“../../../lm/model.cc”)
        C:\Users\zfh\AppData\Local\Temp\pip-install-8ztdx2cj\kenlm_6fc219509dd84abb9c07260e1693ffc4\lm\search_trie.hh(65,42):
        模板实例化上下文(最早的实例化上下文)为
          C:\Users\zfh\AppData\Local\Temp\pip-install-8ztdx2cj\kenlm_6fc219509dd84abb9c07260e1693ffc4\lm\search_trie.hh(64,19):
          在编译 类 模板 成员函数“unsigned char lm::ngram::trie::TrieSearch<lm::ngram::SeparatelyQuantize,lm::ngram::trie::ArrayBhiksha>::Order(void) const”时
                  C:\Users\zfh\AppData\Local\Temp\pip-install-8ztdx2cj\kenlm_6fc219509dd84abb9c07260e1693ffc4\lm\model.cc(89,10):
                  请参阅 "lm::ngram::detail::GenericModel<lm::ngram::trie::TrieSearch<lm::ngram::SeparatelyQuantize,lm::ngram::trie::ArrayBhiksha>,lm::ngram::SortedVocabulary>::GenericModel" 中对 "lm::ngram::trie::TrieSearch<lm::ngram::SeparatelyQuantize,lm::ngram::trie::ArrayBhiksha>::Order" 的第一个引用
                  C:\Users\zfh\AppData\Local\Temp\pip-install-8ztdx2cj\kenlm_6fc219509dd84abb9c07260e1693ffc4\lm\model.hh(141,1):
                  请参阅 "lm::ngram::QuantArrayTrieModel::QuantArrayTrieModel" 中对 "lm::ngram::detail::GenericModel<lm::ngram::trie::TrieSearch<lm::ngram::SeparatelyQuantize,lm::ngram::trie::ArrayBhiksha>,lm::ngram::SortedVocabulary>::GenericModel" 的第一个引用

      C:\Users\zfh\AppData\Local\Temp\pip-install-8ztdx2cj\kenlm_6fc219509dd84abb9c07260e1693ffc4\lm\search_trie.hh(49,45): warning C4267: “参数”: 从“size_t”转换到“uint8_t”，可能丢失数据 [C:\Users\zfh\AppData\Local\Temp\pip-install-8ztdx2cj\kenlm_6fc219509dd84abb9c07260e1693ffc4\build\temp.win-amd64-cpython-39\Release\kenlm.vcxproj]
        (编译源文件“../../../lm/model.cc”)
        C:\Users\zfh\AppData\Local\Temp\pip-install-8ztdx2cj\kenlm_6fc219509dd84abb9c07260e1693ffc4\lm\search_trie.hh(49,45):
        模板实例化上下文(最早的实例化上下文)为
          C:\Users\zfh\AppData\Local\Temp\pip-install-8ztdx2cj\kenlm_6fc219509dd84abb9c07260e1693ffc4\lm\search_trie.hh(48,21):
          在编译 类 模板 成员函数“uint64_t lm::ngram::trie::TrieSearch<lm::ngram::SeparatelyQuantize,lm::ngram::trie::ArrayBhiksha>::Size(const std::vector<uint64_t,std::allocator<uint64_t>> &,const lm::ngram::Config &)”时
                  C:\Users\zfh\AppData\Local\Temp\pip-install-8ztdx2cj\kenlm_6fc219509dd84abb9c07260e1693ffc4\lm\model.cc(24,3):
                  请参阅 "lm::ngram::detail::GenericModel<lm::ngram::trie::TrieSearch<lm::ngram::SeparatelyQuantize,lm::ngram::trie::ArrayBhiksha>,lm::ngram::SortedVocabulary>::Size" 中对 "lm::ngram::trie::TrieSearch<lm::ngram::SeparatelyQuantize,lm::ngram::trie::ArrayBhiksha>::Size" 的第一个引用

      C:\Users\zfh\AppData\Local\Temp\pip-install-8ztdx2cj\kenlm_6fc219509dd84abb9c07260e1693ffc4\lm\search_trie.hh(45,79): warning C4267: “参数”: 从“size_t”转换到“uint8_t”，可能丢失数据 [C:\Users\zfh\AppData\Local\Temp\pip-install-8ztdx2cj\kenlm_6fc219509dd84abb9c07260e1693ffc4\build\temp.win-amd64-cpython-39\Release\kenlm.vcxproj]
        (编译源文件“../../../lm/model.cc”)
        C:\Users\zfh\AppData\Local\Temp\pip-install-8ztdx2cj\kenlm_6fc219509dd84abb9c07260e1693ffc4\lm\search_trie.hh(45,79):
        模板实例化上下文(最早的实例化上下文)为
          C:\Users\zfh\AppData\Local\Temp\pip-install-8ztdx2cj\kenlm_6fc219509dd84abb9c07260e1693ffc4\lm\search_trie.hh(41,17):
          在编译 类 模板 成员函数“void lm::ngram::trie::TrieSearch<lm::ngram::SeparatelyQuantize,lm::ngram::trie::ArrayBhiksha>::UpdateConfigFromBinary(const lm::ngram::BinaryFormat &,const std::vector<uint64_t,std::allocator<uint64_t>> &,uint64_t,lm::ngram::Config &)”时
                  C:\Users\zfh\AppData\Local\Temp\pip-install-8ztdx2cj\kenlm_6fc219509dd84abb9c07260e1693ffc4\lm\model.cc(69,35):
                  请参阅 "lm::ngram::detail::GenericModel<lm::ngram::trie::TrieSearch<lm::ngram::SeparatelyQuantize,lm::ngram::trie::ArrayBhiksha>,lm::ngram::SortedVocabulary>::GenericModel" 中对 "lm::ngram::trie::TrieSearch<lm::ngram::SeparatelyQuantize,lm::ngram::trie::ArrayBhiksha>::UpdateConfigFromBinary" 的第一个引用
                  C:\Users\zfh\AppData\Local\Temp\pip-install-8ztdx2cj\kenlm_6fc219509dd84abb9c07260e1693ffc4\lm\model.hh(141,1):
                  请参阅 "lm::ngram::QuantArrayTrieModel::QuantArrayTrieModel" 中对 "lm::ngram::detail::GenericModel<lm::ngram::trie::TrieSearch<lm::ngram::SeparatelyQuantize,lm::ngram::trie::ArrayBhiksha>,lm::ngram::SortedVocabulary>::GenericModel" 的第一个引用

      C:\Users\zfh\AppData\Local\Temp\pip-install-8ztdx2cj\kenlm_6fc219509dd84abb9c07260e1693ffc4\lm\search_hashed.hh(90,29): warning C4267: “return”: 从“size_t”转换到“unsigned char”，可能丢失数据 [C:\Users\zfh\AppData\Local\Temp\pip-install-8ztdx2cj\kenlm_6fc219509dd84abb9c07260e1693ffc4\build\temp.win-amd64-cpython-39\Release\kenlm.vcxproj]
        (编译源文件“../../../lm/model.cc”)
        C:\Users\zfh\AppData\Local\Temp\pip-install-8ztdx2cj\kenlm_6fc219509dd84abb9c07260e1693ffc4\lm\search_hashed.hh(90,29):
        模板实例化上下文(最早的实例化上下文)为
          C:\Users\zfh\AppData\Local\Temp\pip-install-8ztdx2cj\kenlm_6fc219509dd84abb9c07260e1693ffc4\lm\model.hh(37,1):
          查看对正在编译的 类 模板 实例化“lm::ngram::detail::HashedSearch<lm::ngram::RestValue>”的引用
          C:\Users\zfh\AppData\Local\Temp\pip-install-8ztdx2cj\kenlm_6fc219509dd84abb9c07260e1693ffc4\lm\search_hashed.hh(89,19):
          在编译 类 模板 成员函数“unsigned char lm::ngram::detail::HashedSearch<lm::ngram::RestValue>::Order(void) const”时
                  C:\Users\zfh\AppData\Local\Temp\pip-install-8ztdx2cj\kenlm_6fc219509dd84abb9c07260e1693ffc4\lm\model.cc(89,10):
                  请参阅 "lm::ngram::detail::GenericModel<lm::ngram::detail::HashedSearch<lm::ngram::RestValue>,lm::ngram::ProbingVocabulary>::GenericModel" 中对 "lm::ngram::detail::HashedSearch<lm::ngram::RestValue>::Order" 的第一个引用
                  C:\Users\zfh\AppData\Local\Temp\pip-install-8ztdx2cj\kenlm_6fc219509dd84abb9c07260e1693ffc4\lm\model.hh(137,1):
                  请参阅 "lm::ngram::RestProbingModel::RestProbingModel" 中对 "lm::ngram::detail::GenericModel<lm::ngram::detail::HashedSearch<lm::ngram::RestValue>,lm::ngram::ProbingVocabulary>::GenericModel" 的第一个引用

        quantize.cc
      C:\Users\zfh\AppData\Local\Temp\pip-install-8ztdx2cj\kenlm_6fc219509dd84abb9c07260e1693ffc4\lm\quantize.cc(1,1): warning C4819: 该文件包含不能在当前代码页(936)中表示的字符。请将该文件保存为 Unicode 格式以防止数据丢失 [C:\Users\zfh\AppData\Local\Temp\pip-install-8ztdx2cj\kenlm_6fc219509dd84abb9c07260e1693ffc4\build\temp.win-amd64-cpython-39\Release\kenlm.vcxproj]
      C:\Users\zfh\AppData\Local\Temp\pip-install-8ztdx2cj\kenlm_6fc219509dd84abb9c07260e1693ffc4\lm\quantize.hh(161,141): warning C4244: “参数”: 从“uint64_t”转换到“uint32_t”，可能丢失数据 [C:\Users\zfh\AppData\Local\Temp\pip-install-8ztdx2cj\kenlm_6fc219509dd84abb9c07260e1693ffc4\build\temp.win-amd64-cpython-39\Release\kenlm.vcxproj]
        (编译源文件“../../../lm/quantize.cc”)

      C:\Users\zfh\AppData\Local\Temp\pip-install-8ztdx2cj\kenlm_6fc219509dd84abb9c07260e1693ffc4\lm\quantize.hh(165,127): warning C4244: “参数”: 从“uint64_t”转换到“uint32_t”，可能丢失数据 [C:\Users\zfh\AppData\Local\Temp\pip-install-8ztdx2cj\kenlm_6fc219509dd84abb9c07260e1693ffc4\build\temp.win-amd64-cpython-39\Release\kenlm.vcxproj]
        (编译源文件“../../../lm/quantize.cc”)

      C:\Users\zfh\AppData\Local\Temp\pip-install-8ztdx2cj\kenlm_6fc219509dd84abb9c07260e1693ffc4\lm\quantize.hh(199,94): warning C4244: “参数”: 从“uint64_t”转换到“uint32_t”，可能丢失数据 [C:\Users\zfh\AppData\Local\Temp\pip-install-8ztdx2cj\kenlm_6fc219509dd84abb9c07260e1693ffc4\build\temp.win-amd64-cpython-39\Release\kenlm.vcxproj]
        (编译源文件“../../../lm/quantize.cc”)

      C:\Users\zfh\AppData\Local\Temp\pip-install-8ztdx2cj\kenlm_6fc219509dd84abb9c07260e1693ffc4\lm\quantize.hh(203,109): warning C4244: “参数”: 从“uint64_t”转换到“uint32_t”，可能丢失数据 [C:\Users\zfh\AppData\Local\Temp\pip-install-8ztdx2cj\kenlm_6fc219509dd84abb9c07260e1693ffc4\build\temp.win-amd64-cpython-39\Release\kenlm.vcxproj]
        (编译源文件“../../../lm/quantize.cc”)

      C:\Users\zfh\AppData\Local\Temp\pip-install-8ztdx2cj\kenlm_6fc219509dd84abb9c07260e1693ffc4\lm\quantize.cc(32,54): warning C4244: “=”: 从“_Ty”转换到“float”，可能丢失数据 [C:\Users\zfh\AppData\Local\Temp\pip-install-8ztdx2cj\kenlm_6fc219509dd84abb9c07260e1693ffc4\build\temp.win-amd64-cpython-39\Release\kenlm.vcxproj]
      C:\Users\zfh\AppData\Local\Temp\pip-install-8ztdx2cj\kenlm_6fc219509dd84abb9c07260e1693ffc4\lm\quantize.cc(32,54): warning C4244:         with [C:\Users\zfh\AppData\Local\Temp\pip-install-8ztdx2cj\kenlm_6fc219509dd84abb9c07260e1693ffc4\build\temp.win-amd64-cpython-39\Release\kenlm.vcxproj]
      C:\Users\zfh\AppData\Local\Temp\pip-install-8ztdx2cj\kenlm_6fc219509dd84abb9c07260e1693ffc4\lm\quantize.cc(32,54): warning C4244:         [ [C:\Users\zfh\AppData\Local\Temp\pip-install-8ztdx2cj\kenlm_6fc219509dd84abb9c07260e1693ffc4\build\temp.win-amd64-cpython-39\Release\kenlm.vcxproj]
      C:\Users\zfh\AppData\Local\Temp\pip-install-8ztdx2cj\kenlm_6fc219509dd84abb9c07260e1693ffc4\lm\quantize.cc(32,54): warning C4244:             _Ty=double [C:\Users\zfh\AppData\Local\Temp\pip-install-8ztdx2cj\kenlm_6fc219509dd84abb9c07260e1693ffc4\build\temp.win-amd64-cpython-39\Release\kenlm.vcxproj]
      C:\Users\zfh\AppData\Local\Temp\pip-install-8ztdx2cj\kenlm_6fc219509dd84abb9c07260e1693ffc4\lm\quantize.cc(32,54): warning C4244:         ] [C:\Users\zfh\AppData\Local\Temp\pip-install-8ztdx2cj\kenlm_6fc219509dd84abb9c07260e1693ffc4\build\temp.win-amd64-cpython-39\Release\kenlm.vcxproj]
        read_arpa.cc
        search_hashed.cc
      C:\Users\zfh\AppData\Local\Temp\pip-install-8ztdx2cj\kenlm_6fc219509dd84abb9c07260e1693ffc4\lm\quantize.hh(161,141): warning C4244: “参数”: 从“uint64_t”转换到“uint32_t”，可能丢失数据 [C:\Users\zfh\AppData\Local\Temp\pip-install-8ztdx2cj\kenlm_6fc219509dd84abb9c07260e1693ffc4\build\temp.win-amd64-cpython-39\Release\kenlm.vcxproj]
        (编译源文件“../../../lm/search_hashed.cc”)

      C:\Users\zfh\AppData\Local\Temp\pip-install-8ztdx2cj\kenlm_6fc219509dd84abb9c07260e1693ffc4\lm\quantize.hh(165,127): warning C4244: “参数”: 从“uint64_t”转换到“uint32_t”，可能丢失数据 [C:\Users\zfh\AppData\Local\Temp\pip-install-8ztdx2cj\kenlm_6fc219509dd84abb9c07260e1693ffc4\build\temp.win-amd64-cpython-39\Release\kenlm.vcxproj]
        (编译源文件“../../../lm/search_hashed.cc”)

      C:\Users\zfh\AppData\Local\Temp\pip-install-8ztdx2cj\kenlm_6fc219509dd84abb9c07260e1693ffc4\lm\quantize.hh(199,94): warning C4244: “参数”: 从“uint64_t”转换到“uint32_t”，可能丢失数据 [C:\Users\zfh\AppData\Local\Temp\pip-install-8ztdx2cj\kenlm_6fc219509dd84abb9c07260e1693ffc4\build\temp.win-amd64-cpython-39\Release\kenlm.vcxproj]
        (编译源文件“../../../lm/search_hashed.cc”)

      C:\Users\zfh\AppData\Local\Temp\pip-install-8ztdx2cj\kenlm_6fc219509dd84abb9c07260e1693ffc4\lm\quantize.hh(203,109): warning C4244: “参数”: 从“uint64_t”转换到“uint32_t”，可能丢失数据 [C:\Users\zfh\AppData\Local\Temp\pip-install-8ztdx2cj\kenlm_6fc219509dd84abb9c07260e1693ffc4\build\temp.win-amd64-cpython-39\Release\kenlm.vcxproj]
        (编译源文件“../../../lm/search_hashed.cc”)

      C:\Users\zfh\AppData\Local\Temp\pip-install-8ztdx2cj\kenlm_6fc219509dd84abb9c07260e1693ffc4\lm\vocab.hh(78,31): warning C4244: “return”: 从“__int64”转换到“lm::WordIndex”，可能丢失数据 [C:\Users\zfh\AppData\Local\Temp\pip-install-8ztdx2cj\kenlm_6fc219509dd84abb9c07260e1693ffc4\build\temp.win-amd64-cpython-39\Release\kenlm.vcxproj]
        (编译源文件“../../../lm/search_hashed.cc”)

      C:\Users\zfh\AppData\Local\Temp\pip-install-8ztdx2cj\kenlm_6fc219509dd84abb9c07260e1693ffc4\lm\search_hashed.cc(259,63): warning C4267: “参数”: 从“size_t”转换到“unsigned int”，可能丢失数据 [C:\Users\zfh\AppData\Local\Temp\pip-install-8ztdx2cj\kenlm_6fc219509dd84abb9c07260e1693ffc4\build\temp.win-amd64-cpython-39\Release\kenlm.vcxproj]
      C:\Users\zfh\AppData\Local\Temp\pip-install-8ztdx2cj\kenlm_6fc219509dd84abb9c07260e1693ffc4\lm\search_hashed.hh(90,29): warning C4267: “return”: 从“size_t”转换到“unsigned char”，可能丢失数据 [C:\Users\zfh\AppData\Local\Temp\pip-install-8ztdx2cj\kenlm_6fc219509dd84abb9c07260e1693ffc4\build\temp.win-amd64-cpython-39\Release\kenlm.vcxproj]
        (编译源文件“../../../lm/search_hashed.cc”)
        C:\Users\zfh\AppData\Local\Temp\pip-install-8ztdx2cj\kenlm_6fc219509dd84abb9c07260e1693ffc4\lm\search_hashed.hh(90,29):
        模板实例化上下文(最早的实例化上下文)为
          C:\Users\zfh\AppData\Local\Temp\pip-install-8ztdx2cj\kenlm_6fc219509dd84abb9c07260e1693ffc4\lm\model.hh(137,1):
          查看对正在编译的 类 模板 实例化“lm::ngram::detail::GenericModel<lm::ngram::detail::HashedSearch<lm::ngram::RestValue>,lm::ngram::ProbingVocabulary>”的引用
          C:\Users\zfh\AppData\Local\Temp\pip-install-8ztdx2cj\kenlm_6fc219509dd84abb9c07260e1693ffc4\lm\model.hh(37,1):
          查看对正在编译的 类 模板 实例化“lm::ngram::detail::HashedSearch<lm::ngram::RestValue>”的引用
          C:\Users\zfh\AppData\Local\Temp\pip-install-8ztdx2cj\kenlm_6fc219509dd84abb9c07260e1693ffc4\lm\search_hashed.hh(89,19):
          在编译 类 模板 成员函数“unsigned char lm::ngram::detail::HashedSearch<lm::ngram::RestValue>::Order(void) const”时

      C:\Users\zfh\AppData\Local\Temp\pip-install-8ztdx2cj\kenlm_6fc219509dd84abb9c07260e1693ffc4\lm\search_hashed.cc(282,25): warning C4267: “参数”: 从“size_t”转换到“const unsigned int”，可能丢失数据 [C:\Users\zfh\AppData\Local\Temp\pip-install-8ztdx2cj\kenlm_6fc219509dd84abb9c07260e1693ffc4\build\temp.win-amd64-cpython-39\Release\kenlm.vcxproj]
        C:\Users\zfh\AppData\Local\Temp\pip-install-8ztdx2cj\kenlm_6fc219509dd84abb9c07260e1693ffc4\lm\search_hashed.cc(282,25):
        模板实例化上下文(最早的实例化上下文)为
          C:\Users\zfh\AppData\Local\Temp\pip-install-8ztdx2cj\kenlm_6fc219509dd84abb9c07260e1693ffc4\lm\search_hashed.cc(246,3):
          查看对正在编译的函数 模板 实例化“void lm::ngram::detail::HashedSearch<lm::ngram::BackoffValue>::ApplyBuild<lm::ngram::NoRestBuild>(util::FilePiece &,const std::vector<uint64_t,std::allocator<uint64_t>> &,const lm::ngram::ProbingVocabulary &,lm::PositiveProbWarn &,const Build &)”的引用
                with
                [
                    Build=lm::ngram::NoRestBuild
                ]
                  C:\Users\zfh\AppData\Local\Temp\pip-install-8ztdx2cj\kenlm_6fc219509dd84abb9c07260e1693ffc4\lm\search_hashed.cc(246,13):
                  请参阅 "lm::ngram::detail::HashedSearch<lm::ngram::BackoffValue>::DispatchBuild" 中对 "lm::ngram::detail::HashedSearch<lm::ngram::BackoffValue>::ApplyBuild" 的第一个引用

      C:\Users\zfh\AppData\Local\Temp\pip-install-8ztdx2cj\kenlm_6fc219509dd84abb9c07260e1693ffc4\lm\search_hashed.cc(285,25): warning C4267: “参数”: 从“size_t”转换到“const unsigned int”，可能丢失数据 [C:\Users\zfh\AppData\Local\Temp\pip-install-8ztdx2cj\kenlm_6fc219509dd84abb9c07260e1693ffc4\build\temp.win-amd64-cpython-39\Release\kenlm.vcxproj]
      C:\Users\zfh\AppData\Local\Temp\pip-install-8ztdx2cj\kenlm_6fc219509dd84abb9c07260e1693ffc4\lm\search_hashed.cc(287,40): warning C4101: “e”: 未引用的局部变量 [C:\Users\zfh\AppData\Local\Temp\pip-install-8ztdx2cj\kenlm_6fc219509dd84abb9c07260e1693ffc4\build\temp.win-amd64-cpython-39\Release\kenlm.vcxproj]
      C:\Users\zfh\AppData\Local\Temp\pip-install-8ztdx2cj\kenlm_6fc219509dd84abb9c07260e1693ffc4\lm\search_hashed.cc(196,118): warning C4267: “参数”: 从“size_t”转换到“int”，可能丢失数据 [C:\Users\zfh\AppData\Local\Temp\pip-install-8ztdx2cj\kenlm_6fc219509dd84abb9c07260e1693ffc4\build\temp.win-amd64-cpython-39\Release\kenlm.vcxproj]
        C:\Users\zfh\AppData\Local\Temp\pip-install-8ztdx2cj\kenlm_6fc219509dd84abb9c07260e1693ffc4\lm\search_hashed.cc(196,118):
        模板实例化上下文(最早的实例化上下文)为
          C:\Users\zfh\AppData\Local\Temp\pip-install-8ztdx2cj\kenlm_6fc219509dd84abb9c07260e1693ffc4\lm\search_hashed.cc(246,3):
          查看对正在编译的函数 模板 实例化“void lm::ngram::detail::HashedSearch<lm::ngram::BackoffValue>::ApplyBuild<lm::ngram::NoRestBuild>(util::FilePiece &,const std::vector<uint64_t,std::allocator<uint64_t>> &,const lm::ngram::ProbingVocabulary &,lm::PositiveProbWarn &,const Build &)”的引用
                with
                [
                    Build=lm::ngram::NoRestBuild
                ]
                  C:\Users\zfh\AppData\Local\Temp\pip-install-8ztdx2cj\kenlm_6fc219509dd84abb9c07260e1693ffc4\lm\search_hashed.cc(246,13):
                  请参阅 "lm::ngram::detail::HashedSearch<lm::ngram::BackoffValue>::DispatchBuild" 中对 "lm::ngram::detail::HashedSearch<lm::ngram::BackoffValue>::ApplyBuild" 的第一个引用
          C:\Users\zfh\AppData\Local\Temp\pip-install-8ztdx2cj\kenlm_6fc219509dd84abb9c07260e1693ffc4\lm\search_hashed.cc(273,7):
          查看对正在编译的函数 模板 实例化“void lm::ngram::`anonymous-namespace'::ReadNGrams<Build,lm::ngram::`anonymous-namespace'::ActivateUnigram<lm::ngram::BackoffValue::Weights>,util::ProbingHashTable<lm::ngram::BackoffValue::ProbingEntry,util::IdentityHash,std::equal_to<lm::ngram::detail::ProbEntry::Key>,util::DivMod>>(util::FilePiece &,const unsigned int,const size_t,const lm::ngram::ProbingVocabulary &,const Build &,lm::ngram::BackoffValue::Weights *,std::vector<util::ProbingHashTable<lm::ngram::BackoffValue::ProbingEntry,util::IdentityHash,std::equal_to<lm::ngram::detail::ProbEntry::Key>,util::DivMod>,std::allocator<util::ProbingHashTable<lm::ngram::BackoffValue::ProbingEntry,util::IdentityHash,std::equal_to<lm::ngram::detail::ProbEntry::Key>,util::DivMod>>> &,Activate,Store &,lm::PositiveProbWarn &)”的引用
                with
                [
                    Build=lm::ngram::NoRestBuild,
                    Activate=lm::ngram::`anonymous-namespace'::ActivateUnigram<lm::ngram::BackoffValue::Weights>,
                    Store=util::ProbingHashTable<lm::ngram::BackoffValue::ProbingEntry,util::IdentityHash,std::equal_to<lm::ngram::detail::ProbEntry::Key>,util::DivMod>
                ]

      C:\Users\zfh\AppData\Local\Temp\pip-install-8ztdx2cj\kenlm_6fc219509dd84abb9c07260e1693ffc4\lm\search_hashed.cc(68,18): warning C4267: “初始化”: 从“size_t”转换到“int”，可能丢失数据 [C:\Users\zfh\AppData\Local\Temp\pip-install-8ztdx2cj\kenlm_6fc219509dd84abb9c07260e1693ffc4\build\temp.win-amd64-cpython-39\Release\kenlm.vcxproj]
        C:\Users\zfh\AppData\Local\Temp\pip-install-8ztdx2cj\kenlm_6fc219509dd84abb9c07260e1693ffc4\lm\search_hashed.cc(68,18):
        模板实例化上下文(最早的实例化上下文)为
          C:\Users\zfh\AppData\Local\Temp\pip-install-8ztdx2cj\kenlm_6fc219509dd84abb9c07260e1693ffc4\lm\search_hashed.cc(273,7):
          查看对正在编译的函数 模板 实例化“void lm::ngram::`anonymous-namespace'::ReadNGrams<Build,lm::ngram::`anonymous-namespace'::ActivateUnigram<lm::ngram::BackoffValue::Weights>,util::ProbingHashTable<lm::ngram::BackoffValue::ProbingEntry,util::IdentityHash,std::equal_to<lm::ngram::detail::ProbEntry::Key>,util::DivMod>>(util::FilePiece &,const unsigned int,const size_t,const lm::ngram::ProbingVocabulary &,const Build &,lm::ngram::BackoffValue::Weights *,std::vector<util::ProbingHashTable<lm::ngram::BackoffValue::ProbingEntry,util::IdentityHash,std::equal_to<lm::ngram::detail::ProbEntry::Key>,util::DivMod>,std::allocator<util::ProbingHashTable<lm::ngram::BackoffValue::ProbingEntry,util::IdentityHash,std::equal_to<lm::ngram::detail::ProbEntry::Key>,util::DivMod>>> &,Activate,Store &,lm::PositiveProbWarn &)”的引用
                with
                [
                    Build=lm::ngram::NoRestBuild,
                    Activate=lm::ngram::`anonymous-namespace'::ActivateUnigram<lm::ngram::BackoffValue::Weights>,
                    Store=util::ProbingHashTable<lm::ngram::BackoffValue::ProbingEntry,util::IdentityHash,std::equal_to<lm::ngram::detail::ProbEntry::Key>,util::DivMod>
                ]
          C:\Users\zfh\AppData\Local\Temp\pip-install-8ztdx2cj\kenlm_6fc219509dd84abb9c07260e1693ffc4\lm\search_hashed.cc(194,5):
          查看对正在编译的函数 模板 实例化“void lm::ngram::`anonymous-namespace'::FindLower<Value>(const std::vector<uint64_t,std::allocator<uint64_t>> &,lm::ngram::BackoffValue::Weights &,std::vector<util::ProbingHashTable<lm::ngram::BackoffValue::ProbingEntry,util::IdentityHash,std::equal_to<lm::ngram::detail::ProbEntry::Key>,util::DivMod>,std::allocator<util::ProbingHashTable<lm::ngram::BackoffValue::ProbingEntry,util::IdentityHash,std::equal_to<lm::ngram::detail::ProbEntry::Key>,util::DivMod>>> &,std::vector<lm::ngram::BackoffValue::Weights *,std::allocator<lm::ngram::BackoffValue::Weights *>> &)”的引用

      C:\Users\zfh\AppData\Local\Temp\pip-install-8ztdx2cj\kenlm_6fc219509dd84abb9c07260e1693ffc4\lm\search_hashed.cc(97,23): warning C4267: “初始化”: 从“size_t”转换到“unsigned char”，可能丢失数据 [C:\Users\zfh\AppData\Local\Temp\pip-install-8ztdx2cj\kenlm_6fc219509dd84abb9c07260e1693ffc4\build\temp.win-amd64-cpython-39\Release\kenlm.vcxproj]
        C:\Users\zfh\AppData\Local\Temp\pip-install-8ztdx2cj\kenlm_6fc219509dd84abb9c07260e1693ffc4\lm\search_hashed.cc(97,23):
        模板实例化上下文(最早的实例化上下文)为
          C:\Users\zfh\AppData\Local\Temp\pip-install-8ztdx2cj\kenlm_6fc219509dd84abb9c07260e1693ffc4\lm\search_hashed.cc(195,5):
          查看对正在编译的函数 模板 实例化“void lm::ngram::`anonymous-namespace'::AdjustLower<lm::ngram::BackoffValue::ProbingEntry::Value,Build>(const Added &,const Build &,std::vector<lm::ngram::BackoffValue::Weights *,std::allocator<lm::ngram::BackoffValue::Weights *>> &,const unsigned int,const std::vector<lm::WordIndex,std::allocator<lm::WordIndex>> &,lm::ngram::BackoffValue::Weights *,std::vector<util::ProbingHashTable<lm::ngram::BackoffValue::ProbingEntry,util::IdentityHash,std::equal_to<lm::ngram::detail::ProbEntry::Key>,util::DivMod>,std::allocator<util::ProbingHashTable<lm::ngram::BackoffValue::ProbingEntry,util::IdentityHash,std::equal_to<lm::ngram::detail::ProbEntry::Key>,util::DivMod>>> &)”的引用
                with
                [
                    Build=lm::ngram::NoRestBuild,
                    Added=lm::ngram::BackoffValue::ProbingEntry::Value
                ]

        search_trie.cc
      C:\Users\zfh\AppData\Local\Temp\pip-install-8ztdx2cj\kenlm_6fc219509dd84abb9c07260e1693ffc4\lm\quantize.hh(161,141): warning C4244: “参数”: 从“uint64_t”转换到“uint32_t”，可能丢失数据 [C:\Users\zfh\AppData\Local\Temp\pip-install-8ztdx2cj\kenlm_6fc219509dd84abb9c07260e1693ffc4\build\temp.win-amd64-cpython-39\Release\kenlm.vcxproj]
        (编译源文件“../../../lm/search_trie.cc”)

      C:\Users\zfh\AppData\Local\Temp\pip-install-8ztdx2cj\kenlm_6fc219509dd84abb9c07260e1693ffc4\lm\quantize.hh(165,127): warning C4244: “参数”: 从“uint64_t”转换到“uint32_t”，可能丢失数据 [C:\Users\zfh\AppData\Local\Temp\pip-install-8ztdx2cj\kenlm_6fc219509dd84abb9c07260e1693ffc4\build\temp.win-amd64-cpython-39\Release\kenlm.vcxproj]
        (编译源文件“../../../lm/search_trie.cc”)

      C:\Users\zfh\AppData\Local\Temp\pip-install-8ztdx2cj\kenlm_6fc219509dd84abb9c07260e1693ffc4\lm\quantize.hh(199,94): warning C4244: “参数”: 从“uint64_t”转换到“uint32_t”，可能丢失数据 [C:\Users\zfh\AppData\Local\Temp\pip-install-8ztdx2cj\kenlm_6fc219509dd84abb9c07260e1693ffc4\build\temp.win-amd64-cpython-39\Release\kenlm.vcxproj]
        (编译源文件“../../../lm/search_trie.cc”)

      C:\Users\zfh\AppData\Local\Temp\pip-install-8ztdx2cj\kenlm_6fc219509dd84abb9c07260e1693ffc4\lm\quantize.hh(203,109): warning C4244: “参数”: 从“uint64_t”转换到“uint32_t”，可能丢失数据 [C:\Users\zfh\AppData\Local\Temp\pip-install-8ztdx2cj\kenlm_6fc219509dd84abb9c07260e1693ffc4\build\temp.win-amd64-cpython-39\Release\kenlm.vcxproj]
        (编译源文件“../../../lm/search_trie.cc”)

      C:\Users\zfh\AppData\Local\Temp\pip-install-8ztdx2cj\kenlm_6fc219509dd84abb9c07260e1693ffc4\lm\vocab.hh(78,31): warning C4244: “return”: 从“__int64”转换到“lm::WordIndex”，可能丢失数据 [C:\Users\zfh\AppData\Local\Temp\pip-install-8ztdx2cj\kenlm_6fc219509dd84abb9c07260e1693ffc4\build\temp.win-amd64-cpython-39\Release\kenlm.vcxproj]
        (编译源文件“../../../lm/search_trie.cc”)

      C:\Users\zfh\AppData\Local\Temp\pip-install-8ztdx2cj\kenlm_6fc219509dd84abb9c07260e1693ffc4\lm\search_trie.cc(91,11): warning C4146: 一元负运算符应用于无符号类型，结果仍为无符号类型 [C:\Users\zfh\AppData\Local\Temp\pip-install-8ztdx2cj\kenlm_6fc219509dd84abb9c07260e1693ffc4\build\temp.win-amd64-cpython-39\Release\kenlm.vcxproj]
      C:\Users\zfh\AppData\Local\Temp\pip-install-8ztdx2cj\kenlm_6fc219509dd84abb9c07260e1693ffc4\lm\search_trie.cc(91,11): warning C4309: “参数”: 截断常量值 [C:\Users\zfh\AppData\Local\Temp\pip-install-8ztdx2cj\kenlm_6fc219509dd84abb9c07260e1693ffc4\build\temp.win-amd64-cpython-39\Release\kenlm.vcxproj]
      C:\Users\zfh\AppData\Local\Temp\pip-install-8ztdx2cj\kenlm_6fc219509dd84abb9c07260e1693ffc4\lm\search_trie.cc(105,71): warning C4267: “初始化”: 从“size_t”转换到“unsigned char”，可能丢失数据 [C:\Users\zfh\AppData\Local\Temp\pip-install-8ztdx2cj\kenlm_6fc219509dd84abb9c07260e1693ffc4\build\temp.win-amd64-cpython-39\Release\kenlm.vcxproj]
      C:\Users\zfh\AppData\Local\Temp\pip-install-8ztdx2cj\kenlm_6fc219509dd84abb9c07260e1693ffc4\lm\search_trie.cc(105,33): warning C4267: “初始化”: 从“size_t”转换到“const unsigned char”，可能丢失数据 [C:\Users\zfh\AppData\Local\Temp\pip-install-8ztdx2cj\kenlm_6fc219509dd84abb9c07260e1693ffc4\build\temp.win-amd64-cpython-39\Release\kenlm.vcxproj]
      C:\Users\zfh\AppData\Local\Temp\pip-install-8ztdx2cj\kenlm_6fc219509dd84abb9c07260e1693ffc4\lm\search_trie.cc(157,111): warning C4267: “参数”: 从“size_t”转换到“unsigned char”，可能丢失数据 [C:\Users\zfh\AppData\Local\Temp\pip-install-8ztdx2cj\kenlm_6fc219509dd84abb9c07260e1693ffc4\build\temp.win-amd64-cpython-39\Release\kenlm.vcxproj]
      C:\Users\zfh\AppData\Local\Temp\pip-install-8ztdx2cj\kenlm_6fc219509dd84abb9c07260e1693ffc4\lm\search_trie.hh(97,57): warning C4244: “参数”: 从“__int64”转换到“unsigned char”，可能丢失数据 [C:\Users\zfh\AppData\Local\Temp\pip-install-8ztdx2cj\kenlm_6fc219509dd84abb9c07260e1693ffc4\build\temp.win-amd64-cpython-39\Release\kenlm.vcxproj]
        (编译源文件“../../../lm/search_trie.cc”)
        C:\Users\zfh\AppData\Local\Temp\pip-install-8ztdx2cj\kenlm_6fc219509dd84abb9c07260e1693ffc4\lm\search_trie.hh(97,57):
        模板实例化上下文(最早的实例化上下文)为
          C:\Users\zfh\AppData\Local\Temp\pip-install-8ztdx2cj\kenlm_6fc219509dd84abb9c07260e1693ffc4\lm\search_trie.cc(593,60):
          查看对正在编译的 类 模板 实例化“lm::ngram::trie::TrieSearch<lm::ngram::SeparatelyQuantize,lm::ngram::trie::ArrayBhiksha>”的引用
          C:\Users\zfh\AppData\Local\Temp\pip-install-8ztdx2cj\kenlm_6fc219509dd84abb9c07260e1693ffc4\lm\search_trie.hh(91,10):
          在编译 类 模板 成员函数“bool lm::ngram::trie::TrieSearch<lm::ngram::SeparatelyQuantize,lm::ngram::trie::ArrayBhiksha>::FastMakeNode(const lm::WordIndex *,const lm::WordIndex *,lm::ngram::trie::TrieSearch<lm::ngram::SeparatelyQuantize,lm::ngram::trie::ArrayBhiksha>::Node &) const”时

      C:\Users\zfh\AppData\Local\Temp\pip-install-8ztdx2cj\kenlm_6fc219509dd84abb9c07260e1693ffc4\lm\search_trie.hh(65,42): warning C4244: “return”: 从“__int64”转换到“unsigned char”，可能丢失数据 [C:\Users\zfh\AppData\Local\Temp\pip-install-8ztdx2cj\kenlm_6fc219509dd84abb9c07260e1693ffc4\build\temp.win-amd64-cpython-39\Release\kenlm.vcxproj]
        (编译源文件“../../../lm/search_trie.cc”)
        C:\Users\zfh\AppData\Local\Temp\pip-install-8ztdx2cj\kenlm_6fc219509dd84abb9c07260e1693ffc4\lm\search_trie.hh(65,42):
        模板实例化上下文(最早的实例化上下文)为
          C:\Users\zfh\AppData\Local\Temp\pip-install-8ztdx2cj\kenlm_6fc219509dd84abb9c07260e1693ffc4\lm\search_trie.hh(64,19):
          在编译 类 模板 成员函数“unsigned char lm::ngram::trie::TrieSearch<lm::ngram::SeparatelyQuantize,lm::ngram::trie::ArrayBhiksha>::Order(void) const”时

      C:\Users\zfh\AppData\Local\Temp\pip-install-8ztdx2cj\kenlm_6fc219509dd84abb9c07260e1693ffc4\lm\search_trie.hh(49,45): warning C4267: “参数”: 从“size_t”转换到“uint8_t”，可能丢失数据 [C:\Users\zfh\AppData\Local\Temp\pip-install-8ztdx2cj\kenlm_6fc219509dd84abb9c07260e1693ffc4\build\temp.win-amd64-cpython-39\Release\kenlm.vcxproj]
        (编译源文件“../../../lm/search_trie.cc”)
        C:\Users\zfh\AppData\Local\Temp\pip-install-8ztdx2cj\kenlm_6fc219509dd84abb9c07260e1693ffc4\lm\search_trie.hh(49,45):
        模板实例化上下文(最早的实例化上下文)为
          C:\Users\zfh\AppData\Local\Temp\pip-install-8ztdx2cj\kenlm_6fc219509dd84abb9c07260e1693ffc4\lm\search_trie.hh(48,21):
          在编译 类 模板 成员函数“uint64_t lm::ngram::trie::TrieSearch<lm::ngram::SeparatelyQuantize,lm::ngram::trie::ArrayBhiksha>::Size(const std::vector<uint64_t,std::allocator<uint64_t>> &,const lm::ngram::Config &)”时

      C:\Users\zfh\AppData\Local\Temp\pip-install-8ztdx2cj\kenlm_6fc219509dd84abb9c07260e1693ffc4\lm\search_trie.hh(45,79): warning C4267: “参数”: 从“size_t”转换到“uint8_t”，可能丢失数据 [C:\Users\zfh\AppData\Local\Temp\pip-install-8ztdx2cj\kenlm_6fc219509dd84abb9c07260e1693ffc4\build\temp.win-amd64-cpython-39\Release\kenlm.vcxproj]
        (编译源文件“../../../lm/search_trie.cc”)
        C:\Users\zfh\AppData\Local\Temp\pip-install-8ztdx2cj\kenlm_6fc219509dd84abb9c07260e1693ffc4\lm\search_trie.hh(45,79):
        模板实例化上下文(最早的实例化上下文)为
          C:\Users\zfh\AppData\Local\Temp\pip-install-8ztdx2cj\kenlm_6fc219509dd84abb9c07260e1693ffc4\lm\search_trie.hh(41,17):
          在编译 类 模板 成员函数“void lm::ngram::trie::TrieSearch<lm::ngram::SeparatelyQuantize,lm::ngram::trie::ArrayBhiksha>::UpdateConfigFromBinary(const lm::ngram::BinaryFormat &,const std::vector<uint64_t,std::allocator<uint64_t>> &,uint64_t,lm::ngram::Config &)”时

      C:\Users\zfh\AppData\Local\Temp\pip-install-8ztdx2cj\kenlm_6fc219509dd84abb9c07260e1693ffc4\lm\search_trie.cc(547,40): warning C4267: “参数”: 从“size_t”转换到“unsigned char”，可能丢失数据 [C:\Users\zfh\AppData\Local\Temp\pip-install-8ztdx2cj\kenlm_6fc219509dd84abb9c07260e1693ffc4\build\temp.win-amd64-cpython-39\Release\kenlm.vcxproj]
        C:\Users\zfh\AppData\Local\Temp\pip-install-8ztdx2cj\kenlm_6fc219509dd84abb9c07260e1693ffc4\lm\search_trie.cc(547,40):
        模板实例化上下文(最早的实例化上下文)为
          C:\Users\zfh\AppData\Local\Temp\pip-install-8ztdx2cj\kenlm_6fc219509dd84abb9c07260e1693ffc4\lm\search_trie.cc(546,163):
          在编译 类 模板 成员函数“uint8_t *lm::ngram::trie::TrieSearch<lm::ngram::DontQuantize,lm::ngram::trie::DontBhiksha>::SetupMemory(uint8_t *,const std::vector<uint64_t,std::allocator<uint64_t>> &,const lm::ngram::Config &)”时

      C:\Users\zfh\AppData\Local\Temp\pip-install-8ztdx2cj\kenlm_6fc219509dd84abb9c07260e1693ffc4\lm\search_trie.cc(548,35): warning C4267: “参数”: 从“size_t”转换到“uint8_t”，可能丢失数据 [C:\Users\zfh\AppData\Local\Temp\pip-install-8ztdx2cj\kenlm_6fc219509dd84abb9c07260e1693ffc4\build\temp.win-amd64-cpython-39\Release\kenlm.vcxproj]
      C:\Users\zfh\AppData\Local\Temp\pip-install-8ztdx2cj\kenlm_6fc219509dd84abb9c07260e1693ffc4\lm\search_trie.cc(560,24): warning C4267: “初始化”: 从“size_t”转换到“unsigned char”，可能丢失数据 [C:\Users\zfh\AppData\Local\Temp\pip-install-8ztdx2cj\kenlm_6fc219509dd84abb9c07260e1693ffc4\build\temp.win-amd64-cpython-39\Release\kenlm.vcxproj]
      C:\Users\zfh\AppData\Local\Temp\pip-install-8ztdx2cj\kenlm_6fc219509dd84abb9c07260e1693ffc4\lm\search_trie.cc(475,34): warning C4267: “参数”: 从“size_t”转换到“unsigned char”，可能丢失数据 [C:\Users\zfh\AppData\Local\Temp\pip-install-8ztdx2cj\kenlm_6fc219509dd84abb9c07260e1693ffc4\build\temp.win-amd64-cpython-39\Release\kenlm.vcxproj]
        C:\Users\zfh\AppData\Local\Temp\pip-install-8ztdx2cj\kenlm_6fc219509dd84abb9c07260e1693ffc4\lm\search_trie.cc(475,34):
        模板实例化上下文(最早的实例化上下文)为
          C:\Users\zfh\AppData\Local\Temp\pip-install-8ztdx2cj\kenlm_6fc219509dd84abb9c07260e1693ffc4\lm\search_trie.cc(575,230):
          在编译 类 模板 成员函数“void lm::ngram::trie::TrieSearch<lm::ngram::DontQuantize,lm::ngram::trie::DontBhiksha>::InitializeFromARPA(const char *,util::FilePiece &,std::vector<uint64_t,std::allocator<uint64_t>> &,const lm::ngram::Config &,lm::ngram::SortedVocabulary &,lm::ngram::BinaryFormat &)”时
          C:\Users\zfh\AppData\Local\Temp\pip-install-8ztdx2cj\kenlm_6fc219509dd84abb9c07260e1693ffc4\lm\search_trie.cc(587,3):
          查看对正在编译的函数 模板 实例化“void lm::ngram::trie::BuildTrie<Quant,Bhiksha>(lm::ngram::trie::SortedFiles &,std::vector<uint64_t,std::allocator<uint64_t>> &,const lm::ngram::Config &,lm::ngram::trie::TrieSearch<Quant,Bhiksha> &,Quant &,lm::ngram::SortedVocabulary &,lm::ngram::BinaryFormat &)”的引用
                with
                [
                    Quant=lm::ngram::DontQuantize,
                    Bhiksha=lm::ngram::trie::DontBhiksha
                ]

      C:\Users\zfh\AppData\Local\Temp\pip-install-8ztdx2cj\kenlm_6fc219509dd84abb9c07260e1693ffc4\lm\search_trie.cc(476,44): warning C4244: “参数”: 从“_Ty”转换到“const lm::WordIndex”，可能丢失数据 [C:\Users\zfh\AppData\Local\Temp\pip-install-8ztdx2cj\kenlm_6fc219509dd84abb9c07260e1693ffc4\build\temp.win-amd64-cpython-39\Release\kenlm.vcxproj]
      C:\Users\zfh\AppData\Local\Temp\pip-install-8ztdx2cj\kenlm_6fc219509dd84abb9c07260e1693ffc4\lm\search_trie.cc(476,44): warning C4244:         with [C:\Users\zfh\AppData\Local\Temp\pip-install-8ztdx2cj\kenlm_6fc219509dd84abb9c07260e1693ffc4\build\temp.win-amd64-cpython-39\Release\kenlm.vcxproj]
      C:\Users\zfh\AppData\Local\Temp\pip-install-8ztdx2cj\kenlm_6fc219509dd84abb9c07260e1693ffc4\lm\search_trie.cc(476,44): warning C4244:         [ [C:\Users\zfh\AppData\Local\Temp\pip-install-8ztdx2cj\kenlm_6fc219509dd84abb9c07260e1693ffc4\build\temp.win-amd64-cpython-39\Release\kenlm.vcxproj]
      C:\Users\zfh\AppData\Local\Temp\pip-install-8ztdx2cj\kenlm_6fc219509dd84abb9c07260e1693ffc4\lm\search_trie.cc(476,44): warning C4244:             _Ty=uint64_t [C:\Users\zfh\AppData\Local\Temp\pip-install-8ztdx2cj\kenlm_6fc219509dd84abb9c07260e1693ffc4\build\temp.win-amd64-cpython-39\Release\kenlm.vcxproj]
      C:\Users\zfh\AppData\Local\Temp\pip-install-8ztdx2cj\kenlm_6fc219509dd84abb9c07260e1693ffc4\lm\search_trie.cc(476,44): warning C4244:         ] [C:\Users\zfh\AppData\Local\Temp\pip-install-8ztdx2cj\kenlm_6fc219509dd84abb9c07260e1693ffc4\build\temp.win-amd64-cpython-39\Release\kenlm.vcxproj]
      C:\Users\zfh\AppData\Local\Temp\pip-install-8ztdx2cj\kenlm_6fc219509dd84abb9c07260e1693ffc4\lm\search_trie.cc(476,32): warning C4267: “参数”: 从“size_t”转换到“const unsigned char”，可能丢失数据 [C:\Users\zfh\AppData\Local\Temp\pip-install-8ztdx2cj\kenlm_6fc219509dd84abb9c07260e1693ffc4\build\temp.win-amd64-cpython-39\Release\kenlm.vcxproj]
      C:\Users\zfh\AppData\Local\Temp\pip-install-8ztdx2cj\kenlm_6fc219509dd84abb9c07260e1693ffc4\lm\search_trie.cc(486,33): warning C4267: “参数”: 从“size_t”转换到“unsigned char”，可能丢失数据 [C:\Users\zfh\AppData\Local\Temp\pip-install-8ztdx2cj\kenlm_6fc219509dd84abb9c07260e1693ffc4\build\temp.win-amd64-cpython-39\Release\kenlm.vcxproj]
      C:\Users\zfh\AppData\Local\Temp\pip-install-8ztdx2cj\kenlm_6fc219509dd84abb9c07260e1693ffc4\lm\search_trie.cc(502,35): warning C4267: “参数”: 从“size_t”转换到“uint8_t”，可能丢失数据 [C:\Users\zfh\AppData\Local\Temp\pip-install-8ztdx2cj\kenlm_6fc219509dd84abb9c07260e1693ffc4\build\temp.win-amd64-cpython-39\Release\kenlm.vcxproj]
      C:\Users\zfh\AppData\Local\Temp\pip-install-8ztdx2cj\kenlm_6fc219509dd84abb9c07260e1693ffc4\lm\search_trie.cc(507,54): warning C4244: “参数”: 从“_Ty”转换到“lm::WordIndex”，可能丢失数据 [C:\Users\zfh\AppData\Local\Temp\pip-install-8ztdx2cj\kenlm_6fc219509dd84abb9c07260e1693ffc4\build\temp.win-amd64-cpython-39\Release\kenlm.vcxproj]
      C:\Users\zfh\AppData\Local\Temp\pip-install-8ztdx2cj\kenlm_6fc219509dd84abb9c07260e1693ffc4\lm\search_trie.cc(507,54): warning C4244:         with [C:\Users\zfh\AppData\Local\Temp\pip-install-8ztdx2cj\kenlm_6fc219509dd84abb9c07260e1693ffc4\build\temp.win-amd64-cpython-39\Release\kenlm.vcxproj]
      C:\Users\zfh\AppData\Local\Temp\pip-install-8ztdx2cj\kenlm_6fc219509dd84abb9c07260e1693ffc4\lm\search_trie.cc(507,54): warning C4244:         [ [C:\Users\zfh\AppData\Local\Temp\pip-install-8ztdx2cj\kenlm_6fc219509dd84abb9c07260e1693ffc4\build\temp.win-amd64-cpython-39\Release\kenlm.vcxproj]
      C:\Users\zfh\AppData\Local\Temp\pip-install-8ztdx2cj\kenlm_6fc219509dd84abb9c07260e1693ffc4\lm\search_trie.cc(507,54): warning C4244:             _Ty=uint64_t [C:\Users\zfh\AppData\Local\Temp\pip-install-8ztdx2cj\kenlm_6fc219509dd84abb9c07260e1693ffc4\build\temp.win-amd64-cpython-39\Release\kenlm.vcxproj]
      C:\Users\zfh\AppData\Local\Temp\pip-install-8ztdx2cj\kenlm_6fc219509dd84abb9c07260e1693ffc4\lm\search_trie.cc(507,54): warning C4244:         ] [C:\Users\zfh\AppData\Local\Temp\pip-install-8ztdx2cj\kenlm_6fc219509dd84abb9c07260e1693ffc4\build\temp.win-amd64-cpython-39\Release\kenlm.vcxproj]
      C:\Users\zfh\AppData\Local\Temp\pip-install-8ztdx2cj\kenlm_6fc219509dd84abb9c07260e1693ffc4\lm\search_trie.cc(515,112): warning C4267: “参数”: 从“size_t”转换到“unsigned char”，可能丢失数据 [C:\Users\zfh\AppData\Local\Temp\pip-install-8ztdx2cj\kenlm_6fc219509dd84abb9c07260e1693ffc4\build\temp.win-amd64-cpython-39\Release\kenlm.vcxproj]
      C:\Users\zfh\AppData\Local\Temp\pip-install-8ztdx2cj\kenlm_6fc219509dd84abb9c07260e1693ffc4\lm\search_trie.cc(516,44): warning C4244: “参数”: 从“_Ty”转换到“const lm::WordIndex”，可能丢失数据 [C:\Users\zfh\AppData\Local\Temp\pip-install-8ztdx2cj\kenlm_6fc219509dd84abb9c07260e1693ffc4\build\temp.win-amd64-cpython-39\Release\kenlm.vcxproj]
      C:\Users\zfh\AppData\Local\Temp\pip-install-8ztdx2cj\kenlm_6fc219509dd84abb9c07260e1693ffc4\lm\search_trie.cc(516,44): warning C4244:         with [C:\Users\zfh\AppData\Local\Temp\pip-install-8ztdx2cj\kenlm_6fc219509dd84abb9c07260e1693ffc4\build\temp.win-amd64-cpython-39\Release\kenlm.vcxproj]
      C:\Users\zfh\AppData\Local\Temp\pip-install-8ztdx2cj\kenlm_6fc219509dd84abb9c07260e1693ffc4\lm\search_trie.cc(516,44): warning C4244:         [ [C:\Users\zfh\AppData\Local\Temp\pip-install-8ztdx2cj\kenlm_6fc219509dd84abb9c07260e1693ffc4\build\temp.win-amd64-cpython-39\Release\kenlm.vcxproj]
      C:\Users\zfh\AppData\Local\Temp\pip-install-8ztdx2cj\kenlm_6fc219509dd84abb9c07260e1693ffc4\lm\search_trie.cc(516,44): warning C4244:             _Ty=uint64_t [C:\Users\zfh\AppData\Local\Temp\pip-install-8ztdx2cj\kenlm_6fc219509dd84abb9c07260e1693ffc4\build\temp.win-amd64-cpython-39\Release\kenlm.vcxproj]
      C:\Users\zfh\AppData\Local\Temp\pip-install-8ztdx2cj\kenlm_6fc219509dd84abb9c07260e1693ffc4\lm\search_trie.cc(516,44): warning C4244:         ] [C:\Users\zfh\AppData\Local\Temp\pip-install-8ztdx2cj\kenlm_6fc219509dd84abb9c07260e1693ffc4\build\temp.win-amd64-cpython-39\Release\kenlm.vcxproj]
      C:\Users\zfh\AppData\Local\Temp\pip-install-8ztdx2cj\kenlm_6fc219509dd84abb9c07260e1693ffc4\lm\search_trie.cc(516,32): warning C4267: “参数”: 从“size_t”转换到“const unsigned char”，可能丢失数据 [C:\Users\zfh\AppData\Local\Temp\pip-install-8ztdx2cj\kenlm_6fc219509dd84abb9c07260e1693ffc4\build\temp.win-amd64-cpython-39\Release\kenlm.vcxproj]
      C:\Users\zfh\AppData\Local\Temp\pip-install-8ztdx2cj\kenlm_6fc219509dd84abb9c07260e1693ffc4\lm\search_trie.cc(518,28): warning C4244: “参数”: 从“_Ty”转换到“lm::WordIndex”，可能丢失数据 [C:\Users\zfh\AppData\Local\Temp\pip-install-8ztdx2cj\kenlm_6fc219509dd84abb9c07260e1693ffc4\build\temp.win-amd64-cpython-39\Release\kenlm.vcxproj]
      C:\Users\zfh\AppData\Local\Temp\pip-install-8ztdx2cj\kenlm_6fc219509dd84abb9c07260e1693ffc4\lm\search_trie.cc(518,28): warning C4244:         with [C:\Users\zfh\AppData\Local\Temp\pip-install-8ztdx2cj\kenlm_6fc219509dd84abb9c07260e1693ffc4\build\temp.win-amd64-cpython-39\Release\kenlm.vcxproj]
      C:\Users\zfh\AppData\Local\Temp\pip-install-8ztdx2cj\kenlm_6fc219509dd84abb9c07260e1693ffc4\lm\search_trie.cc(518,28): warning C4244:         [ [C:\Users\zfh\AppData\Local\Temp\pip-install-8ztdx2cj\kenlm_6fc219509dd84abb9c07260e1693ffc4\build\temp.win-amd64-cpython-39\Release\kenlm.vcxproj]
      C:\Users\zfh\AppData\Local\Temp\pip-install-8ztdx2cj\kenlm_6fc219509dd84abb9c07260e1693ffc4\lm\search_trie.cc(518,28): warning C4244:             _Ty=uint64_t [C:\Users\zfh\AppData\Local\Temp\pip-install-8ztdx2cj\kenlm_6fc219509dd84abb9c07260e1693ffc4\build\temp.win-amd64-cpython-39\Release\kenlm.vcxproj]
      C:\Users\zfh\AppData\Local\Temp\pip-install-8ztdx2cj\kenlm_6fc219509dd84abb9c07260e1693ffc4\lm\search_trie.cc(518,28): warning C4244:         ] [C:\Users\zfh\AppData\Local\Temp\pip-install-8ztdx2cj\kenlm_6fc219509dd84abb9c07260e1693ffc4\build\temp.win-amd64-cpython-39\Release\kenlm.vcxproj]
      C:\Users\zfh\AppData\Local\Temp\pip-install-8ztdx2cj\kenlm_6fc219509dd84abb9c07260e1693ffc4\lm\search_trie.cc(388,25): warning C4244: “初始化”: 从“__int64”转换到“unsigned char”，可能丢失数据 [C:\Users\zfh\AppData\Local\Temp\pip-install-8ztdx2cj\kenlm_6fc219509dd84abb9c07260e1693ffc4\build\temp.win-amd64-cpython-39\Release\kenlm.vcxproj]
        C:\Users\zfh\AppData\Local\Temp\pip-install-8ztdx2cj\kenlm_6fc219509dd84abb9c07260e1693ffc4\lm\search_trie.cc(388,25):
        模板实例化上下文(最早的实例化上下文)为
          C:\Users\zfh\AppData\Local\Temp\pip-install-8ztdx2cj\kenlm_6fc219509dd84abb9c07260e1693ffc4\lm\search_trie.cc(587,3):
          查看对正在编译的函数 模板 实例化“void lm::ngram::trie::BuildTrie<Quant,Bhiksha>(lm::ngram::trie::SortedFiles &,std::vector<uint64_t,std::allocator<uint64_t>> &,const lm::ngram::Config &,lm::ngram::trie::TrieSearch<Quant,Bhiksha> &,Quant &,lm::ngram::SortedVocabulary &,lm::ngram::BinaryFormat &)”的引用
                with
                [
                    Quant=lm::ngram::DontQuantize,
                    Bhiksha=lm::ngram::trie::DontBhiksha
                ]
          C:\Users\zfh\AppData\Local\Temp\pip-install-8ztdx2cj\kenlm_6fc219509dd84abb9c07260e1693ffc4\lm\search_trie.cc(476,5):
          查看对正在编译的函数 模板 实例化“void lm::ngram::trie::`anonymous-namespace'::RecursiveInsert<lm::ngram::trie::`anonymous-namespace'::FindBlanks>(const unsigned char,const lm::WordIndex,lm::ngram::trie::RecordReader *,std::ostream *,const char *,Doing &)”的引用
                with
                [
                    Doing=lm::ngram::trie::`anonymous-namespace'::FindBlanks
                ]

      C:\Users\zfh\AppData\Local\Temp\pip-install-8ztdx2cj\kenlm_6fc219509dd84abb9c07260e1693ffc4\lm\search_trie.cc(347,27): warning C4244: “初始化”: 从“__int64”转换到“unsigned char”，可能丢失数据 [C:\Users\zfh\AppData\Local\Temp\pip-install-8ztdx2cj\kenlm_6fc219509dd84abb9c07260e1693ffc4\build\temp.win-amd64-cpython-39\Release\kenlm.vcxproj]
        C:\Users\zfh\AppData\Local\Temp\pip-install-8ztdx2cj\kenlm_6fc219509dd84abb9c07260e1693ffc4\lm\search_trie.cc(347,27):
        模板实例化上下文(最早的实例化上下文)为
          C:\Users\zfh\AppData\Local\Temp\pip-install-8ztdx2cj\kenlm_6fc219509dd84abb9c07260e1693ffc4\lm\search_trie.cc(516,5):
          查看对正在编译的函数 模板 实例化“void lm::ngram::trie::`anonymous-namespace'::RecursiveInsert<lm::ngram::trie::`anonymous-namespace'::WriteEntries<Quant,Bhiksha>>(const unsigned char,const lm::WordIndex,lm::ngram::trie::RecordReader *,std::ostream *,const char *,Doing &)”的引用
                with
                [
                    Quant=lm::ngram::SeparatelyQuantize,
                    Bhiksha=lm::ngram::trie::ArrayBhiksha,
                    Doing=lm::ngram::trie::`anonymous-namespace'::WriteEntries<lm::ngram::SeparatelyQuantize,lm::ngram::trie::ArrayBhiksha>
                ]
          C:\Users\zfh\AppData\Local\Temp\pip-install-8ztdx2cj\kenlm_6fc219509dd84abb9c07260e1693ffc4\lm\search_trie.cc(383,23):
          查看对正在编译的 类 模板 实例化“lm::ngram::trie::`anonymous-namespace'::BlankManager<Doing>”的引用
                with
                [
                    Doing=lm::ngram::trie::`anonymous-namespace'::WriteEntries<lm::ngram::SeparatelyQuantize,lm::ngram::trie::ArrayBhiksha>
                ]
          C:\Users\zfh\AppData\Local\Temp\pip-install-8ztdx2cj\kenlm_6fc219509dd84abb9c07260e1693ffc4\lm\search_trie.cc(333,10):
          在编译 类 模板 成员函数“void lm::ngram::trie::`anonymous-namespace'::BlankManager<Doing>::Visit(const lm::WordIndex *,unsigned char,float)”时
                with
                [
                    Doing=lm::ngram::trie::`anonymous-namespace'::WriteEntries<lm::ngram::SeparatelyQuantize,lm::ngram::trie::ArrayBhiksha>
                ]
                  C:\Users\zfh\AppData\Local\Temp\pip-install-8ztdx2cj\kenlm_6fc219509dd84abb9c07260e1693ffc4\lm\search_trie.cc(390,18):
                  请参阅 "lm::ngram::trie::`anonymous-namespace'::RecursiveInsert" 中对 "lm::ngram::trie::`anonymous-namespace'::BlankManager<Doing>::Visit" 的第一个引用
                with
                [
                    Doing=lm::ngram::trie::`anonymous-namespace'::WriteEntries<lm::ngram::SeparatelyQuantize,lm::ngram::trie::ArrayBhiksha>
                ]

      C:\Users\zfh\AppData\Local\Temp\pip-install-8ztdx2cj\kenlm_6fc219509dd84abb9c07260e1693ffc4\lm\search_trie.cc(351,30): warning C4244: “初始化”: 从“__int64”转换到“unsigned char”，可能丢失数据 [C:\Users\zfh\AppData\Local\Temp\pip-install-8ztdx2cj\kenlm_6fc219509dd84abb9c07260e1693ffc4\build\temp.win-amd64-cpython-39\Release\kenlm.vcxproj]
      C:\Program Files\Microsoft Visual Studio\2022\Enterprise\VC\Tools\MSVC\14.38.33130\include\numeric(37,26): warning C4244: “=”: 从“unsigned __int64”转换到“_Ty”，可能丢失数据 [C:\Users\zfh\AppData\Local\Temp\pip-install-8ztdx2cj\kenlm_6fc219509dd84abb9c07260e1693ffc4\build\temp.win-amd64-cpython-39\Release\kenlm.vcxproj]
      C:\Program Files\Microsoft Visual Studio\2022\Enterprise\VC\Tools\MSVC\14.38.33130\include\numeric(37,26): warning C4244:         with [C:\Users\zfh\AppData\Local\Temp\pip-install-8ztdx2cj\kenlm_6fc219509dd84abb9c07260e1693ffc4\build\temp.win-amd64-cpython-39\Release\kenlm.vcxproj]
      C:\Program Files\Microsoft Visual Studio\2022\Enterprise\VC\Tools\MSVC\14.38.33130\include\numeric(37,26): warning C4244:         [ [C:\Users\zfh\AppData\Local\Temp\pip-install-8ztdx2cj\kenlm_6fc219509dd84abb9c07260e1693ffc4\build\temp.win-amd64-cpython-39\Release\kenlm.vcxproj]
      C:\Program Files\Microsoft Visual Studio\2022\Enterprise\VC\Tools\MSVC\14.38.33130\include\numeric(37,26): warning C4244:             _Ty=int [C:\Users\zfh\AppData\Local\Temp\pip-install-8ztdx2cj\kenlm_6fc219509dd84abb9c07260e1693ffc4\build\temp.win-amd64-cpython-39\Release\kenlm.vcxproj]
      C:\Program Files\Microsoft Visual Studio\2022\Enterprise\VC\Tools\MSVC\14.38.33130\include\numeric(37,26): warning C4244:         ] [C:\Users\zfh\AppData\Local\Temp\pip-install-8ztdx2cj\kenlm_6fc219509dd84abb9c07260e1693ffc4\build\temp.win-amd64-cpython-39\Release\kenlm.vcxproj]
        (编译源文件“../../../lm/search_trie.cc”)
        C:\Program Files\Microsoft Visual Studio\2022\Enterprise\VC\Tools\MSVC\14.38.33130\include\numeric(37,26):
        模板实例化上下文(最早的实例化上下文)为
          C:\Users\zfh\AppData\Local\Temp\pip-install-8ztdx2cj\kenlm_6fc219509dd84abb9c07260e1693ffc4\lm\search_trie.cc(497,40):
          查看对正在编译的函数 模板 实例化“_Ty std::accumulate<std::_Vector_iterator<std::_Vector_val<std::_Simple_types<unsigned __int64>>>,int>(const _InIt,const _InIt,_Ty)”的引用
                with
                [
                    _Ty=int,
                    _InIt=std::_Vector_iterator<std::_Vector_val<std::_Simple_types<uint64_t>>>
                ]
          C:\Program Files\Microsoft Visual Studio\2022\Enterprise\VC\Tools\MSVC\14.38.33130\include\numeric(46,17):
          查看对正在编译的函数 模板 实例化“_Ty std::accumulate<_InIt,_Ty,std::plus<void>>(const _InIt,const _InIt,_Ty,_Fn)”的引用
                with
                [
                    _Ty=int,
                    _InIt=std::_Vector_iterator<std::_Vector_val<std::_Simple_types<uint64_t>>>,
                    _Fn=std::plus<void>
                ]

        sizes.cc
      C:\Users\zfh\AppData\Local\Temp\pip-install-8ztdx2cj\kenlm_6fc219509dd84abb9c07260e1693ffc4\lm\quantize.hh(161,141): warning C4244: “参数”: 从“uint64_t”转换到“uint32_t”，可能丢失数据 [C:\Users\zfh\AppData\Local\Temp\pip-install-8ztdx2cj\kenlm_6fc219509dd84abb9c07260e1693ffc4\build\temp.win-amd64-cpython-39\Release\kenlm.vcxproj]
        (编译源文件“../../../lm/sizes.cc”)

      C:\Users\zfh\AppData\Local\Temp\pip-install-8ztdx2cj\kenlm_6fc219509dd84abb9c07260e1693ffc4\lm\quantize.hh(165,127): warning C4244: “参数”: 从“uint64_t”转换到“uint32_t”，可能丢失数据 [C:\Users\zfh\AppData\Local\Temp\pip-install-8ztdx2cj\kenlm_6fc219509dd84abb9c07260e1693ffc4\build\temp.win-amd64-cpython-39\Release\kenlm.vcxproj]
        (编译源文件“../../../lm/sizes.cc”)

      C:\Users\zfh\AppData\Local\Temp\pip-install-8ztdx2cj\kenlm_6fc219509dd84abb9c07260e1693ffc4\lm\quantize.hh(199,94): warning C4244: “参数”: 从“uint64_t”转换到“uint32_t”，可能丢失数据 [C:\Users\zfh\AppData\Local\Temp\pip-install-8ztdx2cj\kenlm_6fc219509dd84abb9c07260e1693ffc4\build\temp.win-amd64-cpython-39\Release\kenlm.vcxproj]
        (编译源文件“../../../lm/sizes.cc”)

      C:\Users\zfh\AppData\Local\Temp\pip-install-8ztdx2cj\kenlm_6fc219509dd84abb9c07260e1693ffc4\lm\quantize.hh(203,109): warning C4244: “参数”: 从“uint64_t”转换到“uint32_t”，可能丢失数据 [C:\Users\zfh\AppData\Local\Temp\pip-install-8ztdx2cj\kenlm_6fc219509dd84abb9c07260e1693ffc4\build\temp.win-amd64-cpython-39\Release\kenlm.vcxproj]
        (编译源文件“../../../lm/sizes.cc”)

      C:\Users\zfh\AppData\Local\Temp\pip-install-8ztdx2cj\kenlm_6fc219509dd84abb9c07260e1693ffc4\lm\vocab.hh(78,31): warning C4244: “return”: 从“__int64”转换到“lm::WordIndex”，可能丢失数据 [C:\Users\zfh\AppData\Local\Temp\pip-install-8ztdx2cj\kenlm_6fc219509dd84abb9c07260e1693ffc4\build\temp.win-amd64-cpython-39\Release\kenlm.vcxproj]
        (编译源文件“../../../lm/sizes.cc”)

        trie.cc
      C:\Users\zfh\AppData\Local\Temp\pip-install-8ztdx2cj\kenlm_6fc219509dd84abb9c07260e1693ffc4\lm\trie.cc(18,65): warning C4244: “初始化”: 从“uint64_t”转换到“const lm::WordIndex”，可能丢失数据 [C:\Users\zfh\AppData\Local\Temp\pip-install-8ztdx2cj\kenlm_6fc219509dd84abb9c07260e1693ffc4\build\temp.win-amd64-cpython-39\Release\kenlm.vcxproj]
        trie_sort.cc
      C:\Users\zfh\AppData\Local\Temp\pip-install-8ztdx2cj\kenlm_6fc219509dd84abb9c07260e1693ffc4\lm\vocab.hh(78,31): warning C4244: “return”: 从“__int64”转换到“lm::WordIndex”，可能丢失数据 [C:\Users\zfh\AppData\Local\Temp\pip-install-8ztdx2cj\kenlm_6fc219509dd84abb9c07260e1693ffc4\build\temp.win-amd64-cpython-39\Release\kenlm.vcxproj]
        (编译源文件“../../../lm/trie_sort.cc”)

      C:\Users\zfh\AppData\Local\Temp\pip-install-8ztdx2cj\kenlm_6fc219509dd84abb9c07260e1693ffc4\lm\trie_sort.cc(184,17): warning C4244: “初始化”: 从“__int64”转换到“long”，可能丢失数据 [C:\Users\zfh\AppData\Local\Temp\pip-install-8ztdx2cj\kenlm_6fc219509dd84abb9c07260e1693ffc4\build\temp.win-amd64-cpython-39\Release\kenlm.vcxproj]
      C:\Users\zfh\AppData\Local\Temp\pip-install-8ztdx2cj\kenlm_6fc219509dd84abb9c07260e1693ffc4\lm\trie_sort.cc(185,3): warning C4267: “参数”: 从“size_t”转换到“long”，可能丢失数据 [C:\Users\zfh\AppData\Local\Temp\pip-install-8ztdx2cj\kenlm_6fc219509dd84abb9c07260e1693ffc4\build\temp.win-amd64-cpython-39\Release\kenlm.vcxproj]
      C:\Users\zfh\AppData\Local\Temp\pip-install-8ztdx2cj\kenlm_6fc219509dd84abb9c07260e1693ffc4\lm\trie_sort.cc(187,16): warning C4267: “初始化”: 从“size_t”转换到“long”，可能丢失数据 [C:\Users\zfh\AppData\Local\Temp\pip-install-8ztdx2cj\kenlm_6fc219509dd84abb9c07260e1693ffc4\build\temp.win-amd64-cpython-39\Release\kenlm.vcxproj]
        value_build.cc
      C:\Users\zfh\AppData\Local\Temp\pip-install-8ztdx2cj\kenlm_6fc219509dd84abb9c07260e1693ffc4\lm\quantize.hh(161,141): warning C4244: “参数”: 从“uint64_t”转换到“uint32_t”，可能丢失数据 [C:\Users\zfh\AppData\Local\Temp\pip-install-8ztdx2cj\kenlm_6fc219509dd84abb9c07260e1693ffc4\build\temp.win-amd64-cpython-39\Release\kenlm.vcxproj]
        (编译源文件“../../../lm/value_build.cc”)

      C:\Users\zfh\AppData\Local\Temp\pip-install-8ztdx2cj\kenlm_6fc219509dd84abb9c07260e1693ffc4\lm\quantize.hh(165,127): warning C4244: “参数”: 从“uint64_t”转换到“uint32_t”，可能丢失数据 [C:\Users\zfh\AppData\Local\Temp\pip-install-8ztdx2cj\kenlm_6fc219509dd84abb9c07260e1693ffc4\build\temp.win-amd64-cpython-39\Release\kenlm.vcxproj]
        (编译源文件“../../../lm/value_build.cc”)

      C:\Users\zfh\AppData\Local\Temp\pip-install-8ztdx2cj\kenlm_6fc219509dd84abb9c07260e1693ffc4\lm\quantize.hh(199,94): warning C4244: “参数”: 从“uint64_t”转换到“uint32_t”，可能丢失数据 [C:\Users\zfh\AppData\Local\Temp\pip-install-8ztdx2cj\kenlm_6fc219509dd84abb9c07260e1693ffc4\build\temp.win-amd64-cpython-39\Release\kenlm.vcxproj]
        (编译源文件“../../../lm/value_build.cc”)

      C:\Users\zfh\AppData\Local\Temp\pip-install-8ztdx2cj\kenlm_6fc219509dd84abb9c07260e1693ffc4\lm\quantize.hh(203,109): warning C4244: “参数”: 从“uint64_t”转换到“uint32_t”，可能丢失数据 [C:\Users\zfh\AppData\Local\Temp\pip-install-8ztdx2cj\kenlm_6fc219509dd84abb9c07260e1693ffc4\build\temp.win-amd64-cpython-39\Release\kenlm.vcxproj]
        (编译源文件“../../../lm/value_build.cc”)

      C:\Users\zfh\AppData\Local\Temp\pip-install-8ztdx2cj\kenlm_6fc219509dd84abb9c07260e1693ffc4\lm\vocab.hh(78,31): warning C4244: “return”: 从“__int64”转换到“lm::WordIndex”，可能丢失数据 [C:\Users\zfh\AppData\Local\Temp\pip-install-8ztdx2cj\kenlm_6fc219509dd84abb9c07260e1693ffc4\build\temp.win-amd64-cpython-39\Release\kenlm.vcxproj]
        (编译源文件“../../../lm/value_build.cc”)

        virtual_interface.cc
        vocab.cc
      C:\Users\zfh\AppData\Local\Temp\pip-install-8ztdx2cj\kenlm_6fc219509dd84abb9c07260e1693ffc4\lm\vocab.hh(78,31): warning C4244: “return”: 从“__int64”转换到“lm::WordIndex”，可能丢失数据 [C:\Users\zfh\AppData\Local\Temp\pip-install-8ztdx2cj\kenlm_6fc219509dd84abb9c07260e1693ffc4\build\temp.win-amd64-cpython-39\Release\kenlm.vcxproj]
        (编译源文件“../../../lm/vocab.cc”)

      C:\Users\zfh\AppData\Local\Temp\pip-install-8ztdx2cj\kenlm_6fc219509dd84abb9c07260e1693ffc4\util\joint_sort.hh(60,20): warning C5208: typedef 名称中使用的未命名的类不能声明非静态数据成员、成员枚举或成员类以外的成员 [C:\Users\zfh\AppData\Local\Temp\pip-install-8ztdx2cj\kenlm_6fc219509dd84abb9c07260e1693ffc4\build\temp.win-amd64-cpython-39\Release\kenlm.vcxproj]
        (编译源文件“../../../lm/vocab.cc”)
        C:\Users\zfh\AppData\Local\Temp\pip-install-8ztdx2cj\kenlm_6fc219509dd84abb9c07260e1693ffc4\util\joint_sort.hh(60,20):
        模板实例化上下文(最早的实例化上下文)为
          C:\Users\zfh\AppData\Local\Temp\pip-install-8ztdx2cj\kenlm_6fc219509dd84abb9c07260e1693ffc4\util\joint_sort.hh(102,2):
          查看对正在编译的 类 模板 实例化“util::detail::JointProxy<KeyIter,ValueIter>”的引用

      C:\Users\zfh\AppData\Local\Temp\pip-install-8ztdx2cj\kenlm_6fc219509dd84abb9c07260e1693ffc4\lm\vocab.cc(124,15): warning C4244: “return”: 从“__int64”转换到“lm::WordIndex”，可能丢失数据 [C:\Users\zfh\AppData\Local\Temp\pip-install-8ztdx2cj\kenlm_6fc219509dd84abb9c07260e1693ffc4\build\temp.win-amd64-cpython-39\Release\kenlm.vcxproj]
      C:\Users\zfh\AppData\Local\Temp\pip-install-8ztdx2cj\kenlm_6fc219509dd84abb9c07260e1693ffc4\lm\vocab.cc(177,29): warning C4244: “=”: 从“__int64”转换到“_Ty”，可能丢失数据 [C:\Users\zfh\AppData\Local\Temp\pip-install-8ztdx2cj\kenlm_6fc219509dd84abb9c07260e1693ffc4\build\temp.win-amd64-cpython-39\Release\kenlm.vcxproj]
      C:\Users\zfh\AppData\Local\Temp\pip-install-8ztdx2cj\kenlm_6fc219509dd84abb9c07260e1693ffc4\lm\vocab.cc(177,29): warning C4244:         with [C:\Users\zfh\AppData\Local\Temp\pip-install-8ztdx2cj\kenlm_6fc219509dd84abb9c07260e1693ffc4\build\temp.win-amd64-cpython-39\Release\kenlm.vcxproj]
      C:\Users\zfh\AppData\Local\Temp\pip-install-8ztdx2cj\kenlm_6fc219509dd84abb9c07260e1693ffc4\lm\vocab.cc(177,29): warning C4244:         [ [C:\Users\zfh\AppData\Local\Temp\pip-install-8ztdx2cj\kenlm_6fc219509dd84abb9c07260e1693ffc4\build\temp.win-amd64-cpython-39\Release\kenlm.vcxproj]
      C:\Users\zfh\AppData\Local\Temp\pip-install-8ztdx2cj\kenlm_6fc219509dd84abb9c07260e1693ffc4\lm\vocab.cc(177,29): warning C4244:             _Ty=lm::WordIndex [C:\Users\zfh\AppData\Local\Temp\pip-install-8ztdx2cj\kenlm_6fc219509dd84abb9c07260e1693ffc4\build\temp.win-amd64-cpython-39\Release\kenlm.vcxproj]
      C:\Users\zfh\AppData\Local\Temp\pip-install-8ztdx2cj\kenlm_6fc219509dd84abb9c07260e1693ffc4\lm\vocab.cc(177,29): warning C4244:         ] [C:\Users\zfh\AppData\Local\Temp\pip-install-8ztdx2cj\kenlm_6fc219509dd84abb9c07260e1693ffc4\build\temp.win-amd64-cpython-39\Release\kenlm.vcxproj]
      C:\Users\zfh\AppData\Local\Temp\pip-install-8ztdx2cj\kenlm_6fc219509dd84abb9c07260e1693ffc4\lm\vocab.cc(184,26): warning C4244: “=”: 从“__int64”转换到“lm::WordIndex”，可能丢失数据 [C:\Users\zfh\AppData\Local\Temp\pip-install-8ztdx2cj\kenlm_6fc219509dd84abb9c07260e1693ffc4\build\temp.win-amd64-cpython-39\Release\kenlm.vcxproj]
      C:\Users\zfh\AppData\Local\Temp\pip-install-8ztdx2cj\kenlm_6fc219509dd84abb9c07260e1693ffc4\lm\vocab.cc(191,26): warning C4244: “=”: 从“__int64”转换到“lm::WordIndex”，可能丢失数据 [C:\Users\zfh\AppData\Local\Temp\pip-install-8ztdx2cj\kenlm_6fc219509dd84abb9c07260e1693ffc4\build\temp.win-amd64-cpython-39\Release\kenlm.vcxproj]
      C:\Users\zfh\AppData\Local\Temp\pip-install-8ztdx2cj\kenlm_6fc219509dd84abb9c07260e1693ffc4\lm\vocab.cc(214,26): warning C4244: “=”: 从“__int64”转换到“lm::WordIndex”，可能丢失数据 [C:\Users\zfh\AppData\Local\Temp\pip-install-8ztdx2cj\kenlm_6fc219509dd84abb9c07260e1693ffc4\build\temp.win-amd64-cpython-39\Release\kenlm.vcxproj]
        score_sentence.cc
        bit_packing.cc
        bignum-dtoa.cc
        bignum.cc
        cached-powers.cc
        正在生成代码...
        正在编译...
        double-to-string.cc
        fast-dtoa.cc
        fixed-dtoa.cc
        string-to-double.cc
        strtod.cc
        ersatz_progress.cc
      C:\Users\zfh\AppData\Local\Temp\pip-install-8ztdx2cj\kenlm_6fc219509dd84abb9c07260e1693ffc4\util\ersatz_progress.cc(33,23): warning C4244: “初始化”: 从“const _Ty”转换到“unsigned char”，可能丢失数据 [C:\Users\zfh\AppData\Local\Temp\pip-install-8ztdx2cj\kenlm_6fc219509dd84abb9c07260e1693ffc4\build\temp.win-amd64-cpython-39\Release\kenlm.vcxproj]
      C:\Users\zfh\AppData\Local\Temp\pip-install-8ztdx2cj\kenlm_6fc219509dd84abb9c07260e1693ffc4\util\ersatz_progress.cc(33,23): warning C4244:         with [C:\Users\zfh\AppData\Local\Temp\pip-install-8ztdx2cj\kenlm_6fc219509dd84abb9c07260e1693ffc4\build\temp.win-amd64-cpython-39\Release\kenlm.vcxproj]
      C:\Users\zfh\AppData\Local\Temp\pip-install-8ztdx2cj\kenlm_6fc219509dd84abb9c07260e1693ffc4\util\ersatz_progress.cc(33,23): warning C4244:         [ [C:\Users\zfh\AppData\Local\Temp\pip-install-8ztdx2cj\kenlm_6fc219509dd84abb9c07260e1693ffc4\build\temp.win-amd64-cpython-39\Release\kenlm.vcxproj]
      C:\Users\zfh\AppData\Local\Temp\pip-install-8ztdx2cj\kenlm_6fc219509dd84abb9c07260e1693ffc4\util\ersatz_progress.cc(33,23): warning C4244:             _Ty=uint64_t [C:\Users\zfh\AppData\Local\Temp\pip-install-8ztdx2cj\kenlm_6fc219509dd84abb9c07260e1693ffc4\build\temp.win-amd64-cpython-39\Release\kenlm.vcxproj]
      C:\Users\zfh\AppData\Local\Temp\pip-install-8ztdx2cj\kenlm_6fc219509dd84abb9c07260e1693ffc4\util\ersatz_progress.cc(33,23): warning C4244:         ] [C:\Users\zfh\AppData\Local\Temp\pip-install-8ztdx2cj\kenlm_6fc219509dd84abb9c07260e1693ffc4\build\temp.win-amd64-cpython-39\Release\kenlm.vcxproj]
        exception.cc
      C:\Users\zfh\AppData\Local\Temp\pip-install-8ztdx2cj\kenlm_6fc219509dd84abb9c07260e1693ffc4\util\exception.cc(76,21): warning C4996: 'strerror': This function or variable may be unsafe. Consider using strerror_s instead. To disable deprecation, use _CRT_SECURE_NO_WARNINGS. See online help for details. [C:\Users\zfh\AppData\Local\Temp\pip-install-8ztdx2cj\kenlm_6fc219509dd84abb9c07260e1693ffc4\build\temp.win-amd64-cpython-39\Release\kenlm.vcxproj]
        file.cc
      C:\Users\zfh\AppData\Local\Temp\pip-install-8ztdx2cj\kenlm_6fc219509dd84abb9c07260e1693ffc4\util\file.cc(38,20): warning C4996: 'close': The POSIX name for this item is deprecated. Instead, use the ISO C and C++ conformant name: _close. See online help for details. [C:\Users\zfh\AppData\Local\Temp\pip-install-8ztdx2cj\kenlm_6fc219509dd84abb9c07260e1693ffc4\build\temp.win-amd64-cpython-39\Release\kenlm.vcxproj]
      C:\Users\zfh\AppData\Local\Temp\pip-install-8ztdx2cj\kenlm_6fc219509dd84abb9c07260e1693ffc4\util\file.cc(74,3): warning C4996: '_open': This function or variable may be unsafe. Consider using _sopen_s instead. To disable deprecation, use _CRT_SECURE_NO_WARNINGS. See online help for details. [C:\Users\zfh\AppData\Local\Temp\pip-install-8ztdx2cj\kenlm_6fc219509dd84abb9c07260e1693ffc4\build\temp.win-amd64-cpython-39\Release\kenlm.vcxproj]
      C:\Users\zfh\AppData\Local\Temp\pip-install-8ztdx2cj\kenlm_6fc219509dd84abb9c07260e1693ffc4\util\file.cc(84,3): warning C4996: '_open': This function or variable may be unsafe. Consider using _sopen_s instead. To disable deprecation, use _CRT_SECURE_NO_WARNINGS. See online help for details. [C:\Users\zfh\AppData\Local\Temp\pip-install-8ztdx2cj\kenlm_6fc219509dd84abb9c07260e1693ffc4\build\temp.win-amd64-cpython-39\Release\kenlm.vcxproj]
      C:\Users\zfh\AppData\Local\Temp\pip-install-8ztdx2cj\kenlm_6fc219509dd84abb9c07260e1693ffc4\util\file.cc(226,30): warning C4267: “参数”: 从“size_t”转换到“unsigned int”，可能丢失数据 [C:\Users\zfh\AppData\Local\Temp\pip-install-8ztdx2cj\kenlm_6fc219509dd84abb9c07260e1693ffc4\build\temp.win-amd64-cpython-39\Release\kenlm.vcxproj]
      C:\Users\zfh\AppData\Local\Temp\pip-install-8ztdx2cj\kenlm_6fc219509dd84abb9c07260e1693ffc4\util\file.cc(364,20): warning C4996: 'fdopen': The POSIX name for this item is deprecated. Instead, use the ISO C and C++ conformant name: _fdopen. See online help for details. [C:\Users\zfh\AppData\Local\Temp\pip-install-8ztdx2cj\kenlm_6fc219509dd84abb9c07260e1693ffc4\build\temp.win-amd64-cpython-39\Release\kenlm.vcxproj]
      C:\Users\zfh\AppData\Local\Temp\pip-install-8ztdx2cj\kenlm_6fc219509dd84abb9c07260e1693ffc4\util\file.cc(371,20): warning C4996: 'fdopen': The POSIX name for this item is deprecated. Instead, use the ISO C and C++ conformant name: _fdopen. See online help for details. [C:\Users\zfh\AppData\Local\Temp\pip-install-8ztdx2cj\kenlm_6fc219509dd84abb9c07260e1693ffc4\build\temp.win-amd64-cpython-39\Release\kenlm.vcxproj]
      C:\Users\zfh\AppData\Local\Temp\pip-install-8ztdx2cj\kenlm_6fc219509dd84abb9c07260e1693ffc4\util\file.cc(424,16): warning C4267: “=”: 从“size_t”转换到“int”，可能丢失数据 [C:\Users\zfh\AppData\Local\Temp\pip-install-8ztdx2cj\kenlm_6fc219509dd84abb9c07260e1693ffc4\build\temp.win-amd64-cpython-39\Release\kenlm.vcxproj]
      C:\Users\zfh\AppData\Local\Temp\pip-install-8ztdx2cj\kenlm_6fc219509dd84abb9c07260e1693ffc4\util\file.cc(474,10): warning C4996: '_open': This function or variable may be unsafe. Consider using _sopen_s instead. To disable deprecation, use _CRT_SECURE_NO_WARNINGS. See online help for details. [C:\Users\zfh\AppData\Local\Temp\pip-install-8ztdx2cj\kenlm_6fc219509dd84abb9c07260e1693ffc4\build\temp.win-amd64-cpython-39\Release\kenlm.vcxproj]
      C:\Users\zfh\AppData\Local\Temp\pip-install-8ztdx2cj\kenlm_6fc219509dd84abb9c07260e1693ffc4\util\file.cc(566,13): warning C4996: 'dup': The POSIX name for this item is deprecated. Instead, use the ISO C and C++ conformant name: _dup. See online help for details. [C:\Users\zfh\AppData\Local\Temp\pip-install-8ztdx2cj\kenlm_6fc219509dd84abb9c07260e1693ffc4\build\temp.win-amd64-cpython-39\Release\kenlm.vcxproj]
        file_piece.cc
      C:\Users\zfh\AppData\Local\Temp\pip-install-8ztdx2cj\kenlm_6fc219509dd84abb9c07260e1693ffc4\util\file_piece.cc(104,44): warning C4101: “e”: 未引用的局部变量 [C:\Users\zfh\AppData\Local\Temp\pip-install-8ztdx2cj\kenlm_6fc219509dd84abb9c07260e1693ffc4\build\temp.win-amd64-cpython-39\Release\kenlm.vcxproj]
      C:\Users\zfh\AppData\Local\Temp\pip-install-8ztdx2cj\kenlm_6fc219509dd84abb9c07260e1693ffc4\util\file_piece.cc(191,54): warning C4267: “参数”: 从“size_t”转换到“int”，可能丢失数据 [C:\Users\zfh\AppData\Local\Temp\pip-install-8ztdx2cj\kenlm_6fc219509dd84abb9c07260e1693ffc4\build\temp.win-amd64-cpython-39\Release\kenlm.vcxproj]
      C:\Users\zfh\AppData\Local\Temp\pip-install-8ztdx2cj\kenlm_6fc219509dd84abb9c07260e1693ffc4\util\file_piece.cc(197,55): warning C4267: “参数”: 从“size_t”转换到“int”，可能丢失数据 [C:\Users\zfh\AppData\Local\Temp\pip-install-8ztdx2cj\kenlm_6fc219509dd84abb9c07260e1693ffc4\build\temp.win-amd64-cpython-39\Release\kenlm.vcxproj]
        float_to_string.cc
        integer_to_string.cc
      C:\Users\zfh\AppData\Local\Temp\pip-install-8ztdx2cj\kenlm_6fc219509dd84abb9c07260e1693ffc4\util\integer_to_string.cc(619,10): warning C4146: 一元负运算符应用于无符号类型，结果仍为无符号类型 [C:\Users\zfh\AppData\Local\Temp\pip-install-8ztdx2cj\kenlm_6fc219509dd84abb9c07260e1693ffc4\build\temp.win-amd64-cpython-39\Release\kenlm.vcxproj]
      C:\Users\zfh\AppData\Local\Temp\pip-install-8ztdx2cj\kenlm_6fc219509dd84abb9c07260e1693ffc4\util\integer_to_string.cc(628,10): warning C4146: 一元负运算符应用于无符号类型，结果仍为无符号类型 [C:\Users\zfh\AppData\Local\Temp\pip-install-8ztdx2cj\kenlm_6fc219509dd84abb9c07260e1693ffc4\build\temp.win-amd64-cpython-39\Release\kenlm.vcxproj]
        mmap.cc
      C:\Users\zfh\AppData\Local\Temp\pip-install-8ztdx2cj\kenlm_6fc219509dd84abb9c07260e1693ffc4\util\mmap.cc(117,64): warning C4244: “参数”: 从“uint64_t”转换到“DWORD”，可能丢失数据 [C:\Users\zfh\AppData\Local\Temp\pip-install-8ztdx2cj\kenlm_6fc219509dd84abb9c07260e1693ffc4\build\temp.win-amd64-cpython-39\Release\kenlm.vcxproj]
        murmur_hash.cc
      C:\Users\zfh\AppData\Local\Temp\pip-install-8ztdx2cj\kenlm_6fc219509dd84abb9c07260e1693ffc4\util\murmur_hash.cc(89,19): warning C4267: “初始化”: 从“size_t”转换到“unsigned int”，可能丢失数据 [C:\Users\zfh\AppData\Local\Temp\pip-install-8ztdx2cj\kenlm_6fc219509dd84abb9c07260e1693ffc4\build\temp.win-amd64-cpython-39\Release\kenlm.vcxproj]
        parallel_read.cc
        pool.cc
        read_compressed.cc
      C:\Users\zfh\AppData\Local\Temp\pip-install-8ztdx2cj\kenlm_6fc219509dd84abb9c07260e1693ffc4\util\read_compressed.cc(171,76): warning C4003: 类函数宏的调用“max”参数不足 [C:\Users\zfh\AppData\Local\Temp\pip-install-8ztdx2cj\kenlm_6fc219509dd84abb9c07260e1693ffc4\build\temp.win-amd64-cpython-39\Release\kenlm.vcxproj]
      C:\Users\zfh\AppData\Local\Temp\pip-install-8ztdx2cj\kenlm_6fc219509dd84abb9c07260e1693ffc4\util\read_compressed.cc(175,7): warning C4003: 类函数宏的调用“max”参数不足 [C:\Users\zfh\AppData\Local\Temp\pip-install-8ztdx2cj\kenlm_6fc219509dd84abb9c07260e1693ffc4\build\temp.win-amd64-cpython-39\Release\kenlm.vcxproj]
      C:\Users\zfh\AppData\Local\Temp\pip-install-8ztdx2cj\kenlm_6fc219509dd84abb9c07260e1693ffc4\util\read_compressed.cc(171,76): error C2589: “(”:“::”右边的非法标记 [C:\Users\zfh\AppData\Local\Temp\pip-install-8ztdx2cj\kenlm_6fc219509dd84abb9c07260e1693ffc4\build\temp.win-amd64-cpython-39\Release\kenlm.vcxproj]
      C:\Users\zfh\AppData\Local\Temp\pip-install-8ztdx2cj\kenlm_6fc219509dd84abb9c07260e1693ffc4\util\read_compressed.cc(171,49): error C2144: 语法错误:“unknown-type”的前面应有“)” [C:\Users\zfh\AppData\Local\Temp\pip-install-8ztdx2cj\kenlm_6fc219509dd84abb9c07260e1693ffc4\build\temp.win-amd64-cpython-39\Release\kenlm.vcxproj]
      C:\Users\zfh\AppData\Local\Temp\pip-install-8ztdx2cj\kenlm_6fc219509dd84abb9c07260e1693ffc4\util\read_compressed.cc(171,32): error C2672: “std::min”: 未找到匹配的重载函数 [C:\Users\zfh\AppData\Local\Temp\pip-install-8ztdx2cj\kenlm_6fc219509dd84abb9c07260e1693ffc4\build\temp.win-amd64-cpython-39\Release\kenlm.vcxproj]
        C:\Program Files\Microsoft Visual Studio\2022\Enterprise\VC\Tools\MSVC\14.38.33130\include\utility(108,26):
        可能是“_Ty std::min(std::initializer_list<_Elem>)”
          C:\Users\zfh\AppData\Local\Temp\pip-install-8ztdx2cj\kenlm_6fc219509dd84abb9c07260e1693ffc4\util\read_compressed.cc(171,32):
          “_Ty std::min(std::initializer_list<_Elem>)”: 应输入 1 个参数，却提供了 0 个
        C:\Program Files\Microsoft Visual Studio\2022\Enterprise\VC\Tools\MSVC\14.38.33130\include\utility(105,26):
        或    “_Ty std::min(std::initializer_list<_Elem>,_Pr)”
          C:\Users\zfh\AppData\Local\Temp\pip-install-8ztdx2cj\kenlm_6fc219509dd84abb9c07260e1693ffc4\util\read_compressed.cc(171,32):
          “_Ty std::min(std::initializer_list<_Elem>,_Pr)”: 应输入 2 个参数，却提供了 0 个
        C:\Program Files\Microsoft Visual Studio\2022\Enterprise\VC\Tools\MSVC\14.38.33130\include\utility(98,6):
        或    “const _Ty &std::min(const _Ty &,const _Ty &) noexcept(<expr>)”
          C:\Users\zfh\AppData\Local\Temp\pip-install-8ztdx2cj\kenlm_6fc219509dd84abb9c07260e1693ffc4\util\read_compressed.cc(171,32):
          “const _Ty &std::min(const _Ty &,const _Ty &) noexcept(<expr>)”: 应输入 2 个参数，却提供了 0 个
        C:\Program Files\Microsoft Visual Studio\2022\Enterprise\VC\Tools\MSVC\14.38.33130\include\utility(88,33):
        或    “const _Ty &std::min(const _Ty &,const _Ty &,_Pr) noexcept(<expr>)”
          C:\Users\zfh\AppData\Local\Temp\pip-install-8ztdx2cj\kenlm_6fc219509dd84abb9c07260e1693ffc4\util\read_compressed.cc(171,32):
          “const _Ty &std::min(const _Ty &,const _Ty &,_Pr) noexcept(<expr>)”: 应输入 3 个参数，却提供了 0 个

      C:\Users\zfh\AppData\Local\Temp\pip-install-8ztdx2cj\kenlm_6fc219509dd84abb9c07260e1693ffc4\util\read_compressed.cc(171,49): error C2144: 语法错误:“unknown-type”的前面应有“;” [C:\Users\zfh\AppData\Local\Temp\pip-install-8ztdx2cj\kenlm_6fc219509dd84abb9c07260e1693ffc4\build\temp.win-amd64-cpython-39\Release\kenlm.vcxproj]
      C:\Users\zfh\AppData\Local\Temp\pip-install-8ztdx2cj\kenlm_6fc219509dd84abb9c07260e1693ffc4\util\read_compressed.cc(171,76): error C2059: 语法错误:“)” [C:\Users\zfh\AppData\Local\Temp\pip-install-8ztdx2cj\kenlm_6fc219509dd84abb9c07260e1693ffc4\build\temp.win-amd64-cpython-39\Release\kenlm.vcxproj]
      C:\Users\zfh\AppData\Local\Temp\pip-install-8ztdx2cj\kenlm_6fc219509dd84abb9c07260e1693ffc4\util\read_compressed.cc(171,89): error C2059: 语法错误:“)” [C:\Users\zfh\AppData\Local\Temp\pip-install-8ztdx2cj\kenlm_6fc219509dd84abb9c07260e1693ffc4\build\temp.win-amd64-cpython-39\Release\kenlm.vcxproj]
      C:\Users\zfh\AppData\Local\Temp\pip-install-8ztdx2cj\kenlm_6fc219509dd84abb9c07260e1693ffc4\util\read_compressed.cc(177,26): warning C4267: “=”: 从“size_t”转换到“uInt”，可能丢失数据 [C:\Users\zfh\AppData\Local\Temp\pip-install-8ztdx2cj\kenlm_6fc219509dd84abb9c07260e1693ffc4\build\temp.win-amd64-cpython-39\Release\kenlm.vcxproj]
      C:\Users\zfh\AppData\Local\Temp\pip-install-8ztdx2cj\kenlm_6fc219509dd84abb9c07260e1693ffc4\util\read_compressed.cc(228,84): warning C4003: 类函数宏的调用“max”参数不足 [C:\Users\zfh\AppData\Local\Temp\pip-install-8ztdx2cj\kenlm_6fc219509dd84abb9c07260e1693ffc4\build\temp.win-amd64-cpython-39\Release\kenlm.vcxproj]
      C:\Users\zfh\AppData\Local\Temp\pip-install-8ztdx2cj\kenlm_6fc219509dd84abb9c07260e1693ffc4\util\read_compressed.cc(228,84): error C2589: “(”:“::”右边的非法标记 [C:\Users\zfh\AppData\Local\Temp\pip-install-8ztdx2cj\kenlm_6fc219509dd84abb9c07260e1693ffc4\build\temp.win-amd64-cpython-39\Release\kenlm.vcxproj]
      C:\Users\zfh\AppData\Local\Temp\pip-install-8ztdx2cj\kenlm_6fc219509dd84abb9c07260e1693ffc4\util\read_compressed.cc(228,49): error C2144: 语法错误:“unknown-type”的前面应有“)” [C:\Users\zfh\AppData\Local\Temp\pip-install-8ztdx2cj\kenlm_6fc219509dd84abb9c07260e1693ffc4\build\temp.win-amd64-cpython-39\Release\kenlm.vcxproj]
      C:\Users\zfh\AppData\Local\Temp\pip-install-8ztdx2cj\kenlm_6fc219509dd84abb9c07260e1693ffc4\util\read_compressed.cc(228,32): error C2672: “std::min”: 未找到匹配的重载函数 [C:\Users\zfh\AppData\Local\Temp\pip-install-8ztdx2cj\kenlm_6fc219509dd84abb9c07260e1693ffc4\build\temp.win-amd64-cpython-39\Release\kenlm.vcxproj]
        C:\Program Files\Microsoft Visual Studio\2022\Enterprise\VC\Tools\MSVC\14.38.33130\include\utility(108,26):
        可能是“_Ty std::min(std::initializer_list<_Elem>)”
          C:\Users\zfh\AppData\Local\Temp\pip-install-8ztdx2cj\kenlm_6fc219509dd84abb9c07260e1693ffc4\util\read_compressed.cc(228,32):
          “_Ty std::min(std::initializer_list<_Elem>)”: 应输入 1 个参数，却提供了 0 个
        C:\Program Files\Microsoft Visual Studio\2022\Enterprise\VC\Tools\MSVC\14.38.33130\include\utility(105,26):
        或    “_Ty std::min(std::initializer_list<_Elem>,_Pr)”
          C:\Users\zfh\AppData\Local\Temp\pip-install-8ztdx2cj\kenlm_6fc219509dd84abb9c07260e1693ffc4\util\read_compressed.cc(228,32):
          “_Ty std::min(std::initializer_list<_Elem>,_Pr)”: 应输入 2 个参数，却提供了 0 个
        C:\Program Files\Microsoft Visual Studio\2022\Enterprise\VC\Tools\MSVC\14.38.33130\include\utility(98,6):
        或    “const _Ty &std::min(const _Ty &,const _Ty &) noexcept(<expr>)”
          C:\Users\zfh\AppData\Local\Temp\pip-install-8ztdx2cj\kenlm_6fc219509dd84abb9c07260e1693ffc4\util\read_compressed.cc(228,32):
          “const _Ty &std::min(const _Ty &,const _Ty &) noexcept(<expr>)”: 应输入 2 个参数，却提供了 0 个
        C:\Program Files\Microsoft Visual Studio\2022\Enterprise\VC\Tools\MSVC\14.38.33130\include\utility(88,33):
        或    “const _Ty &std::min(const _Ty &,const _Ty &,_Pr) noexcept(<expr>)”
          C:\Users\zfh\AppData\Local\Temp\pip-install-8ztdx2cj\kenlm_6fc219509dd84abb9c07260e1693ffc4\util\read_compressed.cc(228,32):
          “const _Ty &std::min(const _Ty &,const _Ty &,_Pr) noexcept(<expr>)”: 应输入 3 个参数，却提供了 0 个

      C:\Users\zfh\AppData\Local\Temp\pip-install-8ztdx2cj\kenlm_6fc219509dd84abb9c07260e1693ffc4\util\read_compressed.cc(228,49): error C2144: 语法错误:“unknown-type”的前面应有“;” [C:\Users\zfh\AppData\Local\Temp\pip-install-8ztdx2cj\kenlm_6fc219509dd84abb9c07260e1693ffc4\build\temp.win-amd64-cpython-39\Release\kenlm.vcxproj]
      C:\Users\zfh\AppData\Local\Temp\pip-install-8ztdx2cj\kenlm_6fc219509dd84abb9c07260e1693ffc4\util\read_compressed.cc(228,84): error C2059: 语法错误:“)” [C:\Users\zfh\AppData\Local\Temp\pip-install-8ztdx2cj\kenlm_6fc219509dd84abb9c07260e1693ffc4\build\temp.win-amd64-cpython-39\Release\kenlm.vcxproj]
      C:\Users\zfh\AppData\Local\Temp\pip-install-8ztdx2cj\kenlm_6fc219509dd84abb9c07260e1693ffc4\util\read_compressed.cc(228,97): error C2059: 语法错误:“)” [C:\Users\zfh\AppData\Local\Temp\pip-install-8ztdx2cj\kenlm_6fc219509dd84abb9c07260e1693ffc4\build\temp.win-amd64-cpython-39\Release\kenlm.vcxproj]
      C:\Users\zfh\AppData\Local\Temp\pip-install-8ztdx2cj\kenlm_6fc219509dd84abb9c07260e1693ffc4\util\read_compressed.cc(233,26): warning C4267: “=”: 从“size_t”转换到“unsigned int”，可能丢失数据 [C:\Users\zfh\AppData\Local\Temp\pip-install-8ztdx2cj\kenlm_6fc219509dd84abb9c07260e1693ffc4\build\temp.win-amd64-cpython-39\Release\kenlm.vcxproj]
        scoped.cc
        spaces.cc
        string_piece.cc
      C:\Users\zfh\AppData\Local\Temp\pip-install-8ztdx2cj\kenlm_6fc219509dd84abb9c07260e1693ffc4\util\string_piece.cc(49,14): warning C4267: “初始化”: 从“size_t”转换到“int”，可能丢失数据 [C:\Users\zfh\AppData\Local\Temp\pip-install-8ztdx2cj\kenlm_6fc219509dd84abb9c07260e1693ffc4\build\temp.win-amd64-cpython-39\Release\kenlm.vcxproj]
        usage.cc
        正在生成代码...
      Traceback (most recent call last):
        File "C:\DevTools\Anaconda3\lib\site-packages\pip\_vendor\pyproject_hooks\_in_process\_in_process.py", line 353, in <module>
          main()
        File "C:\DevTools\Anaconda3\lib\site-packages\pip\_vendor\pyproject_hooks\_in_process\_in_process.py", line 335, in main
          json_out['return_val'] = hook(**hook_input['kwargs'])
        File "C:\DevTools\Anaconda3\lib\site-packages\pip\_vendor\pyproject_hooks\_in_process\_in_process.py", line 251, in build_wheel
          return _build_backend().build_wheel(wheel_directory, config_settings,
        File "C:\Users\zfh\AppData\Local\Temp\pip-build-env-cp2qylgg\overlay\Lib\site-packages\setuptools\build_meta.py", line 434, in build_wheel
          return self._build_with_temp_dir(
        File "C:\Users\zfh\AppData\Local\Temp\pip-build-env-cp2qylgg\overlay\Lib\site-packages\setuptools\build_meta.py", line 419, in _build_with_temp_dir
          self.run_setup()
        File "C:\Users\zfh\AppData\Local\Temp\pip-build-env-cp2qylgg\overlay\Lib\site-packages\setuptools\build_meta.py", line 507, in run_setup
          super(_BuildMetaLegacyBackend, self).run_setup(setup_script=setup_script)
        File "C:\Users\zfh\AppData\Local\Temp\pip-build-env-cp2qylgg\overlay\Lib\site-packages\setuptools\build_meta.py", line 341, in run_setup
          exec(code, locals())
        File "<string>", line 124, in <module>
        File "C:\Users\zfh\AppData\Local\Temp\pip-build-env-cp2qylgg\overlay\Lib\site-packages\setuptools\__init__.py", line 103, in setup
          return distutils.core.setup(**attrs)
        File "C:\Users\zfh\AppData\Local\Temp\pip-build-env-cp2qylgg\overlay\Lib\site-packages\setuptools\_distutils\core.py", line 185, in setup
          return run_commands(dist)
        File "C:\Users\zfh\AppData\Local\Temp\pip-build-env-cp2qylgg\overlay\Lib\site-packages\setuptools\_distutils\core.py", line 201, in run_commands
          dist.run_commands()
        File "C:\Users\zfh\AppData\Local\Temp\pip-build-env-cp2qylgg\overlay\Lib\site-packages\setuptools\_distutils\dist.py", line 969, in run_commands
          self.run_command(cmd)
        File "C:\Users\zfh\AppData\Local\Temp\pip-build-env-cp2qylgg\overlay\Lib\site-packages\setuptools\dist.py", line 989, in run_command
          super().run_command(command)
        File "C:\Users\zfh\AppData\Local\Temp\pip-build-env-cp2qylgg\overlay\Lib\site-packages\setuptools\_distutils\dist.py", line 988, in run_command
          cmd_obj.run()
        File "C:\Users\zfh\AppData\Local\Temp\pip-build-env-cp2qylgg\overlay\Lib\site-packages\wheel\bdist_wheel.py", line 369, in run
          self.run_command("build")
        File "C:\Users\zfh\AppData\Local\Temp\pip-build-env-cp2qylgg\overlay\Lib\site-packages\setuptools\_distutils\cmd.py", line 318, in run_command
          self.distribution.run_command(command)
        File "C:\Users\zfh\AppData\Local\Temp\pip-build-env-cp2qylgg\overlay\Lib\site-packages\setuptools\dist.py", line 989, in run_command
          super().run_command(command)
        File "C:\Users\zfh\AppData\Local\Temp\pip-build-env-cp2qylgg\overlay\Lib\site-packages\setuptools\_distutils\dist.py", line 988, in run_command
          cmd_obj.run()
        File "C:\Users\zfh\AppData\Local\Temp\pip-build-env-cp2qylgg\overlay\Lib\site-packages\setuptools\_distutils\command\build.py", line 131, in run
          self.run_command(cmd_name)
        File "C:\Users\zfh\AppData\Local\Temp\pip-build-env-cp2qylgg\overlay\Lib\site-packages\setuptools\_distutils\cmd.py", line 318, in run_command
          self.distribution.run_command(command)
        File "C:\Users\zfh\AppData\Local\Temp\pip-build-env-cp2qylgg\overlay\Lib\site-packages\setuptools\dist.py", line 989, in run_command
          super().run_command(command)
        File "C:\Users\zfh\AppData\Local\Temp\pip-build-env-cp2qylgg\overlay\Lib\site-packages\setuptools\_distutils\dist.py", line 988, in run_command
          cmd_obj.run()
        File "<string>", line 107, in run
        File "C:\DevTools\Anaconda3\lib\subprocess.py", line 373, in check_call
          raise CalledProcessError(retcode, cmd)
      subprocess.CalledProcessError: Command '['cmake', '--build', '.', '--config', 'Release', '--', '/m']' returned non-zero exit status 1.
      [end of output]

  note: This error originates from a subprocess, and is likely not a problem with pip.
  ERROR: Failed building wheel for kenlm
  error: subprocess-exited-with-error

  × python setup.py bdist_wheel did not run successfully.
  │ exit code: 1
  ╰─> [159 lines of output]
      Building from Cython
      C:\DevTools\Anaconda3\lib\site-packages\setuptools\dist.py:498: SetuptoolsDeprecationWarning: Invalid dash-separated options
      !!

              ********************************************************************************
              Usage of dash-separated 'description-file' will not be supported in future
              versions. Please use the underscore name 'description_file' instead.

              This deprecation is overdue, please update your project and remove deprecated
              calls to avoid build errors in the future.

              See https://setuptools.pypa.io/en/latest/userguide/declarative_config.html for details.
              ********************************************************************************

      !!
        opt = self.warn_dash_deprecation(opt, section)
      Compiling simhash/simhash.pyx because it changed.
      [1/1] Cythonizing simhash/simhash.pyx
      C:\DevTools\Anaconda3\lib\site-packages\Cython\Compiler\Main.py:381: FutureWarning: Cython directive 'language_level' not set, using '3str' for now (Py3). This has changed from earlier releases! File: C:\Users\zfh\AppData\Local\Temp\pip-install-8ztdx2cj\simhash-py_18e1dbd5e6494194abc251609450b857\simhash\simhash.pyx
        tree = Parsing.p_module(s, pxd, full_module_name)

      Error compiling Cython file:
      ------------------------------------------------------------
      ...
      import hashlib
      import struct

      from simhash cimport compute as c_compute
      ^
      ------------------------------------------------------------

      simhash\simhash.pyx:4:0: 'simhash\compute.pxd' not found

      Error compiling Cython file:
      ------------------------------------------------------------
      ...
      import hashlib
      import struct

      from simhash cimport compute as c_compute
      from simhash cimport find_all as c_find_all
      ^
      ------------------------------------------------------------

      simhash\simhash.pyx:5:0: 'simhash\find_all.pxd' not found

      Error compiling Cython file:
      ------------------------------------------------------------
      ...
          Find the set of all matches within the provided vector of hashes.

          The provided hashes are manipulated in place, but upon completion are
          restored to their original state.
          '''
          cdef matches_t results_set = c_find_all(hashes, number_of_blocks, different_bits)
               ^
      ------------------------------------------------------------

      simhash\simhash.pyx:26:9: 'matches_t' is not a type identifier

      Error compiling Cython file:
      ------------------------------------------------------------
      ...

          The provided hashes are manipulated in place, but upon completion are
          restored to their original state.
          '''
          cdef matches_t results_set = c_find_all(hashes, number_of_blocks, different_bits)
          cdef vector[match_t] results_vector
               ^
      ------------------------------------------------------------

      simhash\simhash.pyx:27:9: 'vector' is not a type identifier

      Error compiling Cython file:
      ------------------------------------------------------------
      ...

          The provided hashes are manipulated in place, but upon completion are
          restored to their original state.
          '''
          cdef matches_t results_set = c_find_all(hashes, number_of_blocks, different_bits)
          cdef vector[match_t] results_vector
               ^
      ------------------------------------------------------------

      simhash\simhash.pyx:27:9: 'vector' is not a type identifier

      Error compiling Cython file:
      ------------------------------------------------------------
      ...
          # Unpacks the binary bytes in digest into a Python integer
          return struct.unpack('>Q', digest)[0] & 0xFFFFFFFFFFFFFFFF

      def compute(hashes):
          '''Compute the simhash of a vector of hashes.'''
          return c_compute(hashes)
                 ^
      ------------------------------------------------------------

      simhash\simhash.pyx:17:11: 'c_compute' is not a constant, variable or function identifier

      Error compiling Cython file:
      ------------------------------------------------------------
      ...
          Find the set of all matches within the provided vector of hashes.

          The provided hashes are manipulated in place, but upon completion are
          restored to their original state.
          '''
          cdef matches_t results_set = c_find_all(hashes, number_of_blocks, different_bits)
                                       ^
      ------------------------------------------------------------

      simhash\simhash.pyx:26:33: 'c_find_all' is not a constant, variable or function identifier
      Traceback (most recent call last):
        File "<string>", line 2, in <module>
        File "<pip-setuptools-caller>", line 34, in <module>
        File "C:\Users\zfh\AppData\Local\Temp\pip-install-8ztdx2cj\simhash-py_18e1dbd5e6494194abc251609450b857\setup.py", line 38, in <module>
          setup(
        File "C:\DevTools\Anaconda3\lib\site-packages\setuptools\_distutils\core.py", line 185, in setup
          return run_commands(dist)
        File "C:\DevTools\Anaconda3\lib\site-packages\setuptools\_distutils\core.py", line 201, in run_commands
          dist.run_commands()
        File "C:\DevTools\Anaconda3\lib\site-packages\setuptools\_distutils\dist.py", line 969, in run_commands
          self.run_command(cmd)
        File "C:\DevTools\Anaconda3\lib\site-packages\setuptools\dist.py", line 989, in run_command
          super().run_command(command)
        File "C:\DevTools\Anaconda3\lib\site-packages\setuptools\_distutils\dist.py", line 988, in run_command
          cmd_obj.run()
        File "C:\DevTools\Anaconda3\lib\site-packages\wheel\bdist_wheel.py", line 364, in run
          self.run_command("build")
        File "C:\DevTools\Anaconda3\lib\site-packages\setuptools\_distutils\cmd.py", line 318, in run_command
          self.distribution.run_command(command)
        File "C:\DevTools\Anaconda3\lib\site-packages\setuptools\dist.py", line 989, in run_command
          super().run_command(command)
        File "C:\DevTools\Anaconda3\lib\site-packages\setuptools\_distutils\dist.py", line 988, in run_command
          cmd_obj.run()
        File "C:\DevTools\Anaconda3\lib\site-packages\setuptools\_distutils\command\build.py", line 131, in run
          self.run_command(cmd_name)
        File "C:\DevTools\Anaconda3\lib\site-packages\setuptools\_distutils\cmd.py", line 318, in run_command
          self.distribution.run_command(command)
        File "C:\DevTools\Anaconda3\lib\site-packages\setuptools\dist.py", line 989, in run_command
          super().run_command(command)
        File "C:\DevTools\Anaconda3\lib\site-packages\setuptools\_distutils\dist.py", line 988, in run_command
          cmd_obj.run()
        File "C:\DevTools\Anaconda3\lib\site-packages\setuptools\_distutils\command\build_ext.py", line 345, in run
          self.build_extensions()
        File "C:\DevTools\Anaconda3\lib\site-packages\setuptools\_distutils\command\build_ext.py", line 467, in build_extensions
          self._build_extensions_serial()
        File "C:\DevTools\Anaconda3\lib\site-packages\setuptools\_distutils\command\build_ext.py", line 493, in _build_extensions_serial
          self.build_extension(ext)
        File "C:\DevTools\Anaconda3\lib\site-packages\Cython\Distutils\build_ext.py", line 122, in build_extension
          new_ext = cythonize(
        File "C:\DevTools\Anaconda3\lib\site-packages\Cython\Build\Dependencies.py", line 1134, in cythonize
          cythonize_one(*args)
        File "C:\DevTools\Anaconda3\lib\site-packages\Cython\Build\Dependencies.py", line 1301, in cythonize_one
          raise CompileError(None, pyx_file)
      Cython.Compiler.Errors.CompileError: simhash/simhash.pyx
      [end of output]

  note: This error originates from a subprocess, and is likely not a problem with pip.
  ERROR: Failed building wheel for simhash-py
ERROR: Could not build wheels for kenlm, simhash-py, which is required to install pyproject.toml-based projects
